Component: ARM Compiler 5.06 update 6 (build 750) Tool: armlink [4d35ed]

==============================================================================

Section Cross References

    startup_stm32f103xb.o(STACK) refers (Special) to heapauxi.o(.text) for __use_two_region_memory
    startup_stm32f103xb.o(HEAP) refers (Special) to heapauxi.o(.text) for __use_two_region_memory
    startup_stm32f103xb.o(RESET) refers (Special) to heapauxi.o(.text) for __use_two_region_memory
    startup_stm32f103xb.o(RESET) refers to startup_stm32f103xb.o(STACK) for __initial_sp
    startup_stm32f103xb.o(RESET) refers to startup_stm32f103xb.o(.text) for Reset_Handler
    startup_stm32f103xb.o(RESET) refers to stm32f1xx_it.o(i.NMI_Handler) for NMI_Handler
    startup_stm32f103xb.o(RESET) refers to stm32f1xx_it.o(i.HardFault_Handler) for HardFault_Handler
    startup_stm32f103xb.o(RESET) refers to stm32f1xx_it.o(i.MemManage_Handler) for MemManage_Handler
    startup_stm32f103xb.o(RESET) refers to stm32f1xx_it.o(i.BusFault_Handler) for BusFault_Handler
    startup_stm32f103xb.o(RESET) refers to stm32f1xx_it.o(i.UsageFault_Handler) for UsageFault_Handler
    startup_stm32f103xb.o(RESET) refers to stm32f1xx_it.o(i.SVC_Handler) for SVC_Handler
    startup_stm32f103xb.o(RESET) refers to stm32f1xx_it.o(i.DebugMon_Handler) for DebugMon_Handler
    startup_stm32f103xb.o(RESET) refers to stm32f1xx_it.o(i.PendSV_Handler) for PendSV_Handler
    startup_stm32f103xb.o(RESET) refers to stm32f1xx_it.o(i.SysTick_Handler) for SysTick_Handler
    startup_stm32f103xb.o(RESET) refers to stm32f1xx_it.o(i.USB_LP_CAN1_RX0_IRQHandler) for USB_LP_CAN1_RX0_IRQHandler
    startup_stm32f103xb.o(RESET) refers to stm32f1xx_it.o(i.EXTI15_10_IRQHandler) for EXTI15_10_IRQHandler
    startup_stm32f103xb.o(.text) refers (Special) to heapauxi.o(.text) for __use_two_region_memory
    startup_stm32f103xb.o(.text) refers to system_stm32f1xx.o(i.SystemInit) for SystemInit
    startup_stm32f103xb.o(.text) refers to __main.o(!!!main) for __main
    startup_stm32f103xb.o(.text) refers to startup_stm32f103xb.o(HEAP) for Heap_Mem
    startup_stm32f103xb.o(.text) refers to startup_stm32f103xb.o(STACK) for Stack_Mem
    main.o(i.HAL_GPIO_EXTI_Callback) refers to motorcontrol.o(i.PWM) for PWM
    main.o(i.HAL_GPIO_EXTI_Callback) refers to main.o(.bss) for .bss
    main.o(i.MX_GPIO_Init) refers to stm32f1xx_hal_gpio.o(i.HAL_GPIO_WritePin) for HAL_GPIO_WritePin
    main.o(i.MX_GPIO_Init) refers to stm32f1xx_hal_gpio.o(i.HAL_GPIO_Init) for HAL_GPIO_Init
    main.o(i.MX_GPIO_Init) refers to stm32f1xx_hal_cortex.o(i.HAL_NVIC_SetPriority) for HAL_NVIC_SetPriority
    main.o(i.MX_GPIO_Init) refers to stm32f1xx_hal_cortex.o(i.HAL_NVIC_EnableIRQ) for HAL_NVIC_EnableIRQ
    main.o(i.MX_TIM1_Init) refers to rt_memclr_w.o(.text) for __aeabi_memclr4
    main.o(i.MX_TIM1_Init) refers to stm32f1xx_hal_tim.o(i.HAL_TIM_Encoder_Init) for HAL_TIM_Encoder_Init
    main.o(i.MX_TIM1_Init) refers to stm32f1xx_hal_tim_ex.o(i.HAL_TIMEx_MasterConfigSynchronization) for HAL_TIMEx_MasterConfigSynchronization
    main.o(i.MX_TIM1_Init) refers to main.o(.bss) for .bss
    main.o(i.MX_TIM2_Init) refers to rt_memclr_w.o(.text) for __aeabi_memclr4
    main.o(i.MX_TIM2_Init) refers to stm32f1xx_hal_tim.o(i.HAL_TIM_Encoder_Init) for HAL_TIM_Encoder_Init
    main.o(i.MX_TIM2_Init) refers to stm32f1xx_hal_tim_ex.o(i.HAL_TIMEx_MasterConfigSynchronization) for HAL_TIMEx_MasterConfigSynchronization
    main.o(i.MX_TIM2_Init) refers to main.o(.bss) for .bss
    main.o(i.MX_TIM3_Init) refers to rt_memclr_w.o(.text) for __aeabi_memclr4
    main.o(i.MX_TIM3_Init) refers to stm32f1xx_hal_tim.o(i.HAL_TIM_Base_Init) for HAL_TIM_Base_Init
    main.o(i.MX_TIM3_Init) refers to stm32f1xx_hal_tim.o(i.HAL_TIM_ConfigClockSource) for HAL_TIM_ConfigClockSource
    main.o(i.MX_TIM3_Init) refers to stm32f1xx_hal_tim.o(i.HAL_TIM_PWM_Init) for HAL_TIM_PWM_Init
    main.o(i.MX_TIM3_Init) refers to stm32f1xx_hal_tim_ex.o(i.HAL_TIMEx_MasterConfigSynchronization) for HAL_TIMEx_MasterConfigSynchronization
    main.o(i.MX_TIM3_Init) refers to stm32f1xx_hal_tim.o(i.HAL_TIM_PWM_ConfigChannel) for HAL_TIM_PWM_ConfigChannel
    main.o(i.MX_TIM3_Init) refers to stm32f1xx_hal_msp.o(i.HAL_TIM_MspPostInit) for HAL_TIM_MspPostInit
    main.o(i.MX_TIM3_Init) refers to main.o(.bss) for .bss
    main.o(i.MX_TIM4_Init) refers to rt_memclr_w.o(.text) for __aeabi_memclr4
    main.o(i.MX_TIM4_Init) refers to stm32f1xx_hal_tim.o(i.HAL_TIM_Encoder_Init) for HAL_TIM_Encoder_Init
    main.o(i.MX_TIM4_Init) refers to stm32f1xx_hal_tim_ex.o(i.HAL_TIMEx_MasterConfigSynchronization) for HAL_TIMEx_MasterConfigSynchronization
    main.o(i.MX_TIM4_Init) refers to main.o(.bss) for .bss
    main.o(i.SystemClock_Config) refers to rt_memclr_w.o(.text) for __aeabi_memclr4
    main.o(i.SystemClock_Config) refers to stm32f1xx_hal_rcc.o(i.HAL_RCC_OscConfig) for HAL_RCC_OscConfig
[...]
    __scatterload_rt2_thumb_only             0x080000f5   Thumb Code     0  __scatter.o(!!!scatter)
    __scatterload_null                       0x08000103   Thumb Code     0  __scatter.o(!!!scatter)
    __decompress                             0x08000129   Thumb Code    90  __dczerorl2.o(!!dczerorl2)
    __decompress1                            0x08000129   Thumb Code     0  __dczerorl2.o(!!dczerorl2)
    __scatterload_zeroinit                   0x08000185   Thumb Code    28  __scatter_zi.o(!!handler_zi)
    _printf_f                                0x080001a1   Thumb Code     0  _printf_f.o(.ARM.Collect$$_printf_percent$$00000003)
    _printf_percent                          0x080001a1   Thumb Code     0  _printf_percent.o(.ARM.Collect$$_printf_percent$$00000000)
    _printf_d                                0x080001a7   Thumb Code     0  _printf_d.o(.ARM.Collect$$_printf_percent$$00000009)
    _printf_s                                0x080001ad   Thumb Code     0  _printf_s.o(.ARM.Collect$$_printf_percent$$00000014)
    _printf_percent_end                      0x080001b3   Thumb Code     0  _printf_percent_end.o(.ARM.Collect$$_printf_percent$$00000017)
    __rt_lib_init                            0x080001b7   Thumb Code     0  libinit.o(.ARM.Collect$$libinit$$00000000)
    __rt_lib_init_fp_1                       0x080001b9   Thumb Code     0  libinit2.o(.ARM.Collect$$libinit$$00000002)
    __rt_lib_init_heap_1                     0x080001b9   Thumb Code     0  libinit2.o(.ARM.Collect$$libinit$$0000000A)
    __rt_lib_init_lc_common                  0x080001b9   Thumb Code     0  libinit2.o(.ARM.Collect$$libinit$$0000000F)
    __rt_lib_init_preinit_1                  0x080001b9   Thumb Code     0  libinit2.o(.ARM.Collect$$libinit$$00000004)
    __rt_lib_init_rand_1                     0x080001b9   Thumb Code     0  libinit2.o(.ARM.Collect$$libinit$$0000000E)
    __rt_lib_init_user_alloc_1               0x080001b9   Thumb Code     0  libinit2.o(.ARM.Collect$$libinit$$0000000C)
    __rt_lib_init_lc_collate_1               0x080001bf   Thumb Code     0  libinit2.o(.ARM.Collect$$libinit$$00000011)
    __rt_lib_init_lc_ctype_2                 0x080001bf   Thumb Code     0  libinit2.o(.ARM.Collect$$libinit$$00000012)
    __rt_lib_init_lc_ctype_1                 0x080001cb   Thumb Code     0  libinit2.o(.ARM.Collect$$libinit$$00000013)
    __rt_lib_init_lc_monetary_1              0x080001cb   Thumb Code     0  libinit2.o(.ARM.Collect$$libinit$$00000015)
    __rt_lib_init_lc_numeric_2               0x080001cb   Thumb Code     0  libinit2.o(.ARM.Collect$$libinit$$00000016)
    __rt_lib_init_alloca_1                   0x080001d5   Thumb Code     0  libinit2.o(.ARM.Collect$$libinit$$0000002E)
    __rt_lib_init_argv_1                     0x080001d5   Thumb Code     0  libinit2.o(.ARM.Collect$$libinit$$0000002C)
    __rt_lib_init_atexit_1                   0x080001d5   Thumb Code     0  libinit2.o(.ARM.Collect$$libinit$$0000001B)
    __rt_lib_init_clock_1                    0x080001d5   Thumb Code     0  libinit2.o(.ARM.Collect$$libinit$$00000021)
    __rt_lib_init_cpp_1                      0x080001d5   Thumb Code     0  libinit2.o(.ARM.Collect$$libinit$$00000032)
    __rt_lib_init_exceptions_1               0x080001d5   Thumb Code     0  libinit2.o(.ARM.Collect$$libinit$$00000030)
    __rt_lib_init_fp_trap_1                  0x080001d5   Thumb Code     0  libinit2.o(.ARM.Collect$$libinit$$0000001F)
    __rt_lib_init_getenv_1                   0x080001d5   Thumb Code     0  libinit2.o(.ARM.Collect$$libinit$$00000023)
    __rt_lib_init_lc_numeric_1               0x080001d5   Thumb Code     0  libinit2.o(.ARM.Collect$$libinit$$00000017)
    __rt_lib_init_lc_time_1                  0x080001d5   Thumb Code     0  libinit2.o(.ARM.Collect$$libinit$$00000019)
    __rt_lib_init_return                     0x080001d5   Thumb Code     0  libinit2.o(.ARM.Collect$$libinit$$00000033)
    __rt_lib_init_signal_1                   0x080001d5   Thumb Code     0  libinit2.o(.ARM.Collect$$libinit$$0000001D)
    __rt_lib_init_stdio_1                    0x080001d5   Thumb Code     0  libinit2.o(.ARM.Collect$$libinit$$00000025)
    __rt_lib_shutdown                        0x080001d7   Thumb Code     0  libshutdown.o(.ARM.Collect$$libshutdown$$00000000)
    __rt_lib_shutdown_cpp_1                  0x080001d9   Thumb Code     0  libshutdown2.o(.ARM.Collect$$libshutdown$$00000002)
    __rt_lib_shutdown_fp_trap_1              0x080001d9   Thumb Code     0  libshutdown2.o(.ARM.Collect$$libshutdown$$00000007)
    __rt_lib_shutdown_heap_1                 0x080001d9   Thumb Code     0  libshutdown2.o(.ARM.Collect$$libshutdown$$0000000F)
    __rt_lib_shutdown_return                 0x080001d9   Thumb Code     0  libshutdown2.o(.ARM.Collect$$libshutdown$$00000010)
    __rt_lib_shutdown_signal_1               0x080001d9   Thumb Code     0  libshutdown2.o(.ARM.Collect$$libshutdown$$0000000A)
    __rt_lib_shutdown_stdio_1                0x080001d9   Thumb Code     0  libshutdown2.o(.ARM.Collect$$libshutdown$$00000004)
    __rt_lib_shutdown_user_alloc_1           0x080001d9   Thumb Code     0  libshutdown2.o(.ARM.Collect$$libshutdown$$0000000C)
    __rt_entry                               0x080001db   Thumb Code     0  __rtentry.o(.ARM.Collect$$rtentry$$00000000)
    __rt_entry_presh_1                       0x080001db   Thumb Code     0  __rtentry2.o(.ARM.Collect$$rtentry$$00000002)
    __rt_entry_sh                            0x080001db   Thumb Code     0  __rtentry4.o(.ARM.Collect$$rtentry$$00000004)
    __rt_entry_li                            0x080001e1   Thumb Code     0  __rtentry2.o(.ARM.Collect$$rtentry$$0000000A)
    __rt_entry_postsh_1                      0x080001e1   Thumb Code     0  __rtentry2.o(.ARM.Collect$$rtentry$$00000009)
    __rt_entry_main                          0x080001e5   Thumb Code     0  __rtentry2.o(.ARM.Collect$$rtentry$$0000000D)
    __rt_entry_postli_1                      0x080001e5   Thumb Code     0  __rtentry2.o(.ARM.Collect$$rtentry$$0000000C)
    __rt_exit                                0x080001ed   Thumb Code     0  rtexit.o(.ARM.Collect$$rtexit$$00000000)
    __rt_exit_ls                             0x080001ef   Thumb Code     0  rtexit2.o(.ARM.Collect$$rtexit$$00000003)
    __rt_exit_prels_1                        0x080001ef   Thumb Code     0  rtexit2.o(.ARM.Collect$$rtexit$$00000002)
    __rt_exit_exit                           0x080001f3   Thumb Code     0  rtexit2.o(.ARM.Collect$$rtexit$$00000004)
    Reset_Handler                            0x080001f9   Thumb Code     8  startup_stm32f103xb.o(.text)
    ADC1_2_IRQHandler                        0x08000213   Thumb Code     0  startup_stm32f103xb.o(.text)
    CAN1_RX1_IRQHandler                      0x08000213   Thumb Code     0  startup_stm32f103xb.o(.text)
    CAN1_SCE_IRQHandler                      0x08000213   Thumb Code     0  startup_stm32f103xb.o(.text)
    DMA1_Channel1_IRQHandler                 0x08000213   Thumb Code     0  startup_stm32f103xb.o(.text)
    DMA1_Channel2_IRQHandler                 0x08000213   Thumb Code     0  startup_stm32f103xb.o(.text)
    DMA1_Channel3_IRQHandler                 0x08000213   Thumb Code     0  startup_stm32f103xb.o(.text)
    DMA1_Channel4_IRQHandler                 0x08000213   Thumb Code     0  startup_stm32f103xb.o(.text)
    DMA1_Channel5_IRQHandler                 0x08000213   Thumb Code     0  startup_stm32f103xb.o(.text)
    DMA1_Channel6_IRQHandler                 0x08000213   Thumb Code     0  startup_stm32f103xb.o(.text)
    DMA1_Channel7_IRQHandler                 0x08000213   Thumb Code     0  startup_stm32f103xb.o(.text)
    EXTI0_IRQHandler                         0x08000213   Thumb Code     0  startup_stm32f103xb.o(.text)
    EXTI1_IRQHandler                         0x08000213   Thumb Code     0  startup_stm32f103xb.o(.text)
    EXTI2_IRQHandler                         0x08000213   Thumb Code     0  startup_stm32f103xb.o(.text)
    EXTI3_IRQHandler                         0x08000213   Thumb Code     0  startup_stm32f103xb.o(.text)
    EXTI4_IRQHandler                         0x08000213   Thumb Code     0  startup_stm32f103xb.o(.text)
    EXTI9_5_IRQHandler                       0x08000213   Thumb Code     0  startup_stm32f103xb.o(.text)
    FLASH_IRQHandler                         0x08000213   Thumb Code     0  startup_stm32f103xb.o(.text)
    I2C1_ER_IRQHandler                       0x08000213   Thumb Code     0  startup_stm32f103xb.o(.text)
    I2C1_EV_IRQHandler                       0x08000213   Thumb Code     0  startup_stm32f103xb.o(.text)
    I2C2_ER_IRQHandler                       0x08000213   Thumb Code     0  startup_stm32f103xb.o(.text)
    I2C2_EV_IRQHandler                       0x08000213   Thumb Code     0  startup_stm32f103xb.o(.text)
    PVD_IRQHandler                           0x08000213   Thumb Code     0  startup_stm32f103xb.o(.text)
    RCC_IRQHandler                           0x08000213   Thumb Code     0  startup_stm32f103xb.o(.text)
    RTC_Alarm_IRQHandler                     0x08000213   Thumb Code     0  startup_stm32f103xb.o(.text)
    RTC_IRQHandler                           0x08000213   Thumb Code     0  startup_stm32f103xb.o(.text)
    SPI1_IRQHandler                          0x08000213   Thumb Code     0  startup_stm32f103xb.o(.text)
    SPI2_IRQHandler                          0x08000213   Thumb Code     0  startup_stm32f103xb.o(.text)
    TAMPER_IRQHandler                        0x08000213   Thumb Code     0  startup_stm32f103xb.o(.text)
    TIM1_BRK_IRQHandler                      0x08000213   Thumb Code     0  startup_stm32f103xb.o(.text)
    TIM1_CC_IRQHandler                       0x08000213   Thumb Code     0  startup_stm32f103xb.o(.text)
    TIM1_TRG_COM_IRQHandler                  0x08000213   Thumb Code     0  startup_stm32f103xb.o(.text)
    TIM1_UP_IRQHandler                       0x08000213   Thumb Code     0  startup_stm32f103xb.o(.text)
    TIM2_IRQHandler                          0x08000213   Thumb Code     0  startup_stm32f103xb.o(.text)
    TIM3_IRQHandler                          0x08000213   Thumb Code     0  startup_stm32f103xb.o(.text)
    TIM4_IRQHandler                          0x08000213   Thumb Code     0  startup_stm32f103xb.o(.text)
    USART1_IRQHandler                        0x08000213   Thumb Code     0  startup_stm32f103xb.o(.text)
    USART2_IRQHandler                        0x08000213   Thumb Code     0  startup_stm32f103xb.o(.text)
    USART3_IRQHandler                        0x08000213   Thumb Code     0  startup_stm32f103xb.o(.text)
    USBWakeUp_IRQHandler                     0x08000213   Thumb Code     0  startup_stm32f103xb.o(.text)
    USB_HP_CAN1_TX_IRQHandler                0x08000213   Thumb Code     0  startup_stm32f103xb.o(.text)
    WWDG_IRQHandler                          0x08000213   Thumb Code     0  startup_stm32f103xb.o(.text)
    __user_initial_stackheap                 0x08000215   Thumb Code     0  startup_stm32f103xb.o(.text)
    __2sprintf                               0x08000239   Thumb Code    34  noretval__2sprintf.o(.text)
    _printf_str                              0x08000261   Thumb Code    82  _printf_str.o(.text)
    _printf_int_dec                          0x080002b5   Thumb Code   104  _printf_dec.o(.text)
    __printf                                 0x0800032d   Thumb Code   270  __printf_wp.o(.text)
    __0sscanf                                0x0800043d   Thumb Code    52  __0sscanf.o(.text)
    _scanf_int                               0x08000479   Thumb Code   332  _scanf_int.o(.text)
    _scanf_string                            0x080005c5   Thumb Code   224  _scanf_str.o(.text)
    __aeabi_memcpy4                          0x080006a5   Thumb Code     0  rt_memcpy_w.o(.text)
    __aeabi_memcpy8                          0x080006a5   Thumb Code     0  rt_memcpy_w.o(.text)
    __rt_memcpy_w                            0x080006a5   Thumb Code   100  rt_memcpy_w.o(.text)
    _memcpy_lastbytes_aligned                0x080006ed   Thumb Code     0  rt_memcpy_w.o(.text)
    __aeabi_memclr                           0x08000709   Thumb Code     0  rt_memclr.o(.text)
    __rt_memclr                              0x08000709   Thumb Code    68  rt_memclr.o(.text)
    _memset                                  0x0800070d   Thumb Code     0  rt_memclr.o(.text)
    __aeabi_memclr4                          0x0800074d   Thumb Code     0  rt_memclr_w.o(.text)
    __aeabi_memclr8                          0x0800074d   Thumb Code     0  rt_memclr_w.o(.text)
    __rt_memclr_w                            0x0800074d   Thumb Code    78  rt_memclr_w.o(.text)
    _memset_w                                0x08000751   Thumb Code     0  rt_memclr_w.o(.text)
    __use_two_region_memory                  0x0800079b   Thumb Code     2  heapauxi.o(.text)
    __rt_heap_escrow$2region                 0x0800079d   Thumb Code     2  heapauxi.o(.text)
    __rt_heap_expand$2region                 0x0800079f   Thumb Code     2  heapauxi.o(.text)
    __read_errno                             0x080007a1   Thumb Code    10  _rserrno.o(.text)
    __set_errno                              0x080007ab   Thumb Code    12  _rserrno.o(.text)
    _printf_int_common                       0x080007b7   Thumb Code   178  _printf_intcommon.o(.text)
    __lib_sel_fp_printf                      0x08000869   Thumb Code     2  _printf_fp_dec.o(.text)
    _printf_fp_dec_real                      0x08000a1b   Thumb Code   620  _printf_fp_dec.o(.text)
    _printf_char_common                      0x08000c93   Thumb Code    32  _printf_char_common.o(.text)
    _sputc                                   0x08000cb9   Thumb Code    10  _sputc.o(.text)
    _printf_cs_common                        0x08000cc3   Thumb Code    20  _printf_char.o(.text)
    _printf_char                             0x08000cd7   Thumb Code    16  _printf_char.o(.text)
    _printf_string                           0x08000ce7   Thumb Code     8  _printf_char.o(.text)
    _chval                                   0x08000cef   Thumb Code    28  _chval.o(.text)
    _scanf_really_real                       0x08000f59   Thumb Code   684  scanf_fp.o(.text)
    __vfscanf_char                           0x08001211   Thumb Code    24  scanf_char.o(.text)
    _sgetc                                   0x08001231   Thumb Code    30  _sgetc.o(.text)
    _sbackspace                              0x0800124f   Thumb Code    34  _sgetc.o(.text)
    __rt_locale                              0x08001271   Thumb Code     8  rt_locale_intlibspace.o(.text)
    __aeabi_errno_addr                       0x08001279   Thumb Code     8  rt_errno_addr_intlibspace.o(.text)
    __errno$intlibspace                      0x08001279   Thumb Code     0  rt_errno_addr_intlibspace.o(.text)
    __rt_errno_addr$intlibspace              0x08001279   Thumb Code     0  rt_errno_addr_intlibspace.o(.text)
    _ll_udiv10                               0x08001281   Thumb Code   138  lludiv10.o(.text)
    isspace                                  0x0800130b   Thumb Code    18  isspace.o(.text)
    _printf_fp_infnan                        0x0800131d   Thumb Code   112  _printf_fp_infnan.o(.text)
    __vfscanf                                0x0800139d   Thumb Code   878  _scanf.o(.text)
    _btod_etento                             0x08001711   Thumb Code   224  bigflt0.o(.text)
    __user_libspace                          0x080017f5   Thumb Code     8  libspace.o(.text)
    __user_perproc_libspace                  0x080017f5   Thumb Code     0  libspace.o(.text)
    __user_perthread_libspace                0x080017f5   Thumb Code     0  libspace.o(.text)
    __user_setup_stackheap                   0x080017fd   Thumb Code    74  sys_stackheap_outer.o(.text)
    __rt_ctype_table                         0x08001849   Thumb Code    16  rt_ctype_table.o(.text)
    _scanf_really_hex_real                   0x08001859   Thumb Code   786  scanf_hexfp.o(.text)
    _scanf_really_infnan                     0x08001b79   Thumb Code   292  scanf_infnan.o(.text)
    exit                                     0x08001cad   Thumb Code    18  exit.o(.text)
    strcmp                                   0x08001cc1   Thumb Code   128  strcmpv7m.o(.text)
    __aeabi_llsl                             0x08001d41   Thumb Code     0  llshl.o(.text)
    _ll_shift_l                              0x08001d41   Thumb Code    38  llshl.o(.text)
    _sys_exit                                0x08001d69   Thumb Code     8  sys_exit.o(.text)
    __I$use$semihosting                      0x08001d75   Thumb Code     0  use_no_semi.o(.text)
    __use_no_semihosting_swi                 0x08001d75   Thumb Code     2  use_no_semi.o(.text)
    __semihosting_library_function           0x08001d77   Thumb Code     0  indicate_semi.o(.text)
    _btod_d2e                                0x08001d77   Thumb Code    62  btod.o(CL$$btod_d2e)
    _d2e_denorm_low                          0x08001db5   Thumb Code    70  btod.o(CL$$btod_d2e_denorm_low)
    _d2e_norm_op1                            0x08001dfb   Thumb Code    96  btod.o(CL$$btod_d2e_norm_op1)
    __btod_div_common                        0x08001e5b   Thumb Code   696  btod.o(CL$$btod_div_common)
    _e2d                                     0x08002195   Thumb Code   122  btod.o(CL$$btod_e2d)
    _e2e                                     0x08002219   Thumb Code   220  btod.o(CL$$btod_e2e)
    _btod_ediv                               0x080022f5   Thumb Code    42  btod.o(CL$$btod_ediv)
    _btod_edivd                              0x0800231f   Thumb Code    42  btod.o(CL$$btod_edivd)
    _btod_emul                               0x08002349   Thumb Code    42  btod.o(CL$$btod_emul)
    _btod_emuld                              0x08002373   Thumb Code    42  btod.o(CL$$btod_emuld)
    __btod_mult_common                       0x0800239d   Thumb Code   580  btod.o(CL$$btod_mult_common)
    BusFault_Handler                         0x080025e1   Thumb Code     2  stm32f1xx_it.o(i.BusFault_Handler)
    DebugMon_Handler                         0x08002991   Thumb Code     2  stm32f1xx_it.o(i.DebugMon_Handler)
    EXTI15_10_IRQHandler                     0x08002993   Thumb Code    30  stm32f1xx_it.o(i.EXTI15_10_IRQHandler)
    Error_Handler                            0x080029b1   Thumb Code     4  main.o(i.Error_Handler)
    HAL_GPIO_EXTI_Callback                   0x080029b5   Thumb Code    62  main.o(i.HAL_GPIO_EXTI_Callback)
    HAL_GPIO_EXTI_IRQHandler                 0x080029f9   Thumb Code    18  stm32f1xx_hal_gpio.o(i.HAL_GPIO_EXTI_IRQHandler)
    HAL_GPIO_Init                            0x08002a11   Thumb Code   446  stm32f1xx_hal_gpio.o(i.HAL_GPIO_Init)
    HAL_GPIO_ReadPin                         0x08002bf1   Thumb Code    10  stm32f1xx_hal_gpio.o(i.HAL_GPIO_ReadPin)
    HAL_GPIO_WritePin                        0x08002bfb   Thumb Code    10  stm32f1xx_hal_gpio.o(i.HAL_GPIO_WritePin)
    HAL_GetTick                              0x08002c05   Thumb Code     6  stm32f1xx_hal.o(i.HAL_GetTick)
    HAL_IncTick                              0x08002c11   Thumb Code    12  stm32f1xx_hal.o(i.HAL_IncTick)
    HAL_Init                                 0x08002c21   Thumb Code    32  stm32f1xx_hal.o(i.HAL_Init)
    HAL_InitTick                             0x08002c45   Thumb Code    54  stm32f1xx_hal.o(i.HAL_InitTick)
    HAL_MspInit                              0x08002c85   Thumb Code    52  stm32f1xx_hal_msp.o(i.HAL_MspInit)
    HAL_NVIC_EnableIRQ                       0x08002cc1   Thumb Code    26  stm32f1xx_hal_cortex.o(i.HAL_NVIC_EnableIRQ)
    HAL_NVIC_SetPriority                     0x08002cdd   Thumb Code    60  stm32f1xx_hal_cortex.o(i.HAL_NVIC_SetPriority)
    HAL_NVIC_SetPriorityGrouping             0x08002d1d   Thumb Code    26  stm32f1xx_hal_cortex.o(i.HAL_NVIC_SetPriorityGrouping)
    HAL_PCDEx_PMAConfig                      0x08002d41   Thumb Code    60  stm32f1xx_hal_pcd_ex.o(i.HAL_PCDEx_PMAConfig)
    HAL_PCDEx_SetConnectionState             0x08002d7d   Thumb Code     2  usbd_conf.o(i.HAL_PCDEx_SetConnectionState)
    HAL_PCD_DataInStageCallback              0x08002d7f   Thumb Code    18  usbd_conf.o(i.HAL_PCD_DataInStageCallback)
    HAL_PCD_DataOutStageCallback             0x08002d91   Thumb Code    20  usbd_conf.o(i.HAL_PCD_DataOutStageCallback)
    HAL_PCD_EP_Close                         0x08002da5   Thumb Code    76  stm32f1xx_hal_pcd.o(i.HAL_PCD_EP_Close)
    HAL_PCD_EP_ClrStall                      0x08002df1   Thumb Code    92  stm32f1xx_hal_pcd.o(i.HAL_PCD_EP_ClrStall)
    HAL_PCD_EP_Open                          0x08003263   Thumb Code    96  stm32f1xx_hal_pcd.o(i.HAL_PCD_EP_Open)
    HAL_PCD_EP_Receive                       0x080032c3   Thumb Code    50  stm32f1xx_hal_pcd.o(i.HAL_PCD_EP_Receive)
    HAL_PCD_EP_SetStall                      0x080032f5   Thumb Code   114  stm32f1xx_hal_pcd.o(i.HAL_PCD_EP_SetStall)
    HAL_PCD_EP_Transmit                      0x08003367   Thumb Code    52  stm32f1xx_hal_pcd.o(i.HAL_PCD_EP_Transmit)
    HAL_PCD_IRQHandler                       0x0800339b   Thumb Code   340  stm32f1xx_hal_pcd.o(i.HAL_PCD_IRQHandler)
    HAL_PCD_Init                             0x080034f1   Thumb Code   218  stm32f1xx_hal_pcd.o(i.HAL_PCD_Init)
    HAL_PCD_MspInit                          0x080035cd   Thumb Code    50  usbd_conf.o(i.HAL_PCD_MspInit)
    HAL_PCD_ResetCallback                    0x08003609   Thumb Code    38  usbd_conf.o(i.HAL_PCD_ResetCallback)
    HAL_PCD_ResumeCallback                   0x0800362f   Thumb Code     8  usbd_conf.o(i.HAL_PCD_ResumeCallback)
    HAL_PCD_SOFCallback                      0x08003637   Thumb Code     8  usbd_conf.o(i.HAL_PCD_SOFCallback)
    HAL_PCD_SetAddress                       0x0800363f   Thumb Code    40  stm32f1xx_hal_pcd.o(i.HAL_PCD_SetAddress)
    HAL_PCD_SetupStageCallback               0x08003667   Thumb Code    14  usbd_conf.o(i.HAL_PCD_SetupStageCallback)
    HAL_PCD_Start                            0x08003675   Thumb Code    50  stm32f1xx_hal_pcd.o(i.HAL_PCD_Start)
    HAL_PCD_SuspendCallback                  0x080036a9   Thumb Code    30  usbd_conf.o(i.HAL_PCD_SuspendCallback)
    HAL_RCCEx_PeriphCLKConfig                0x080036cd   Thumb Code   224  stm32f1xx_hal_rcc_ex.o(i.HAL_RCCEx_PeriphCLKConfig)
    HAL_RCC_ClockConfig                      0x080037b9   Thumb Code   280  stm32f1xx_hal_rcc.o(i.HAL_RCC_ClockConfig)
    HAL_RCC_GetSysClockFreq                  0x080038e5   Thumb Code    74  stm32f1xx_hal_rcc.o(i.HAL_RCC_GetSysClockFreq)
    HAL_RCC_OscConfig                        0x08003951   Thumb Code   778  stm32f1xx_hal_rcc.o(i.HAL_RCC_OscConfig)
    HAL_SYSTICK_Config                       0x08003c71   Thumb Code    40  stm32f1xx_hal_cortex.o(i.HAL_SYSTICK_Config)
    HAL_TIMEx_MasterConfigSynchronization    0x08003c99   Thumb Code    92  stm32f1xx_hal_tim_ex.o(i.HAL_TIMEx_MasterConfigSynchronization)
    HAL_TIM_Base_Init                        0x08003d01   Thumb Code    90  stm32f1xx_hal_tim.o(i.HAL_TIM_Base_Init)
    HAL_TIM_Base_MspInit                     0x08003d5d   Thumb Code    30  stm32f1xx_hal_msp.o(i.HAL_TIM_Base_MspInit)
    HAL_TIM_ConfigClockSource                0x08003d85   Thumb Code   214  stm32f1xx_hal_tim.o(i.HAL_TIM_ConfigClockSource)
    HAL_TIM_Encoder_Init                     0x08003e5b   Thumb Code   164  stm32f1xx_hal_tim.o(i.HAL_TIM_Encoder_Init)
    HAL_TIM_Encoder_MspInit                  0x08003f01   Thumb Code   164  stm32f1xx_hal_msp.o(i.HAL_TIM_Encoder_MspInit)
    HAL_TIM_Encoder_Start                    0x08003fb9   Thumb Code   142  stm32f1xx_hal_tim.o(i.HAL_TIM_Encoder_Start)
    HAL_TIM_MspPostInit                      0x08004049   Thumb Code    94  stm32f1xx_hal_msp.o(i.HAL_TIM_MspPostInit)
    HAL_TIM_PWM_ConfigChannel                0x080040b9   Thumb Code   198  stm32f1xx_hal_tim.o(i.HAL_TIM_PWM_ConfigChannel)
    HAL_TIM_PWM_Init                         0x0800417f   Thumb Code    90  stm32f1xx_hal_tim.o(i.HAL_TIM_PWM_Init)
    HAL_TIM_PWM_MspInit                      0x080041d9   Thumb Code     2  stm32f1xx_hal_tim.o(i.HAL_TIM_PWM_MspInit)
    HAL_TIM_PWM_Start                        0x080041dd   Thumb Code   144  stm32f1xx_hal_tim.o(i.HAL_TIM_PWM_Start)
    HOME                                     0x08004279   Thumb Code    52  motorcontrol.o(i.HOME)
    HardFault_Handler                        0x080042ad   Thumb Code     2  stm32f1xx_it.o(i.HardFault_Handler)
    MX_USB_DEVICE_Init                       0x0800459d   Thumb Code    66  usb_device.o(i.MX_USB_DEVICE_Init)
    MemManage_Handler                        0x080045f1   Thumb Code     2  stm32f1xx_it.o(i.MemManage_Handler)
    NMI_Handler                              0x080045f3   Thumb Code     2  stm32f1xx_it.o(i.NMI_Handler)
    PID_control                              0x08004909   Thumb Code   156  motorcontrol.o(i.PID_control)
    PWM                                      0x080049ad   Thumb Code   150  motorcontrol.o(i.PWM)
    PendSV_Handler                           0x08004a4d   Thumb Code     2  stm32f1xx_it.o(i.PendSV_Handler)
    SVC_Handler                              0x08004a4f   Thumb Code     2  stm32f1xx_it.o(i.SVC_Handler)
    SysTick_Handler                          0x08004a51   Thumb Code    28  stm32f1xx_it.o(i.SysTick_Handler)
    SystemClock_Config                       0x08004a79   Thumb Code   118  main.o(i.SystemClock_Config)
    SystemInit                               0x08004aef   Thumb Code     2  system_stm32f1xx.o(i.SystemInit)
    TIM_Base_SetConfig                       0x08004af1   Thumb Code    94  stm32f1xx_hal_tim.o(i.TIM_Base_SetConfig)
    TIM_CCxChannelCmd                        0x08004b5d   Thumb Code    26  stm32f1xx_hal_tim.o(i.TIM_CCxChannelCmd)
    TIM_ETR_SetConfig                        0x08004b77   Thumb Code    20  stm32f1xx_hal_tim.o(i.TIM_ETR_SetConfig)
    TIM_OC2_SetConfig                        0x08004bed   Thumb Code    84  stm32f1xx_hal_tim.o(i.TIM_OC2_SetConfig)
    USBD_CUSTOM_HID_RegisterInterface        0x08004e3d   Thumb Code    16  usbd_customhid.o(i.USBD_CUSTOM_HID_RegisterInterface)
    USBD_CUSTOM_HID_SendReport               0x08004e4d   Thumb Code    44  usbd_customhid.o(i.USBD_CUSTOM_HID_SendReport)
    USBD_ClrClassConfig                      0x08004f61   Thumb Code    14  usbd_core.o(i.USBD_ClrClassConfig)
    USBD_CtlContinueRx                       0x08004f6f   Thumb Code    16  usbd_ioreq.o(i.USBD_CtlContinueRx)
    USBD_CtlContinueSendData                 0x08004f7f   Thumb Code    16  usbd_ioreq.o(i.USBD_CtlContinueSendData)
    USBD_CtlError                            0x08004f8f   Thumb Code    22  usbd_ctlreq.o(i.USBD_CtlError)
    USBD_CtlPrepareRx                        0x08004fa5   Thumb Code    30  usbd_ioreq.o(i.USBD_CtlPrepareRx)
    USBD_CtlReceiveStatus                    0x08004fc3   Thumb Code    22  usbd_ioreq.o(i.USBD_CtlReceiveStatus)
    USBD_CtlSendData                         0x08004fd9   Thumb Code    26  usbd_ioreq.o(i.USBD_CtlSendData)
    USBD_CtlSendStatus                       0x08004ff3   Thumb Code    22  usbd_ioreq.o(i.USBD_CtlSendStatus)
    USBD_FS_ConfigStrDescriptor              0x08005009   Thumb Code    16  usbd_desc.o(i.USBD_FS_ConfigStrDescriptor)
    USBD_FS_DeviceDescriptor                 0x08005031   Thumb Code     8  usbd_desc.o(i.USBD_FS_DeviceDescriptor)
    USBD_FS_InterfaceStrDescriptor           0x0800503d   Thumb Code    16  usbd_desc.o(i.USBD_FS_InterfaceStrDescriptor)
    USBD_FS_LangIDStrDescriptor              0x08005069   Thumb Code     8  usbd_desc.o(i.USBD_FS_LangIDStrDescriptor)
    USBD_FS_ManufacturerStrDescriptor        0x08005075   Thumb Code    16  usbd_desc.o(i.USBD_FS_ManufacturerStrDescriptor)
    USBD_FS_ProductStrDescriptor             0x0800509d   Thumb Code    16  usbd_desc.o(i.USBD_FS_ProductStrDescriptor)
    USBD_FS_SerialStrDescriptor              0x080050b9   Thumb Code    48  usbd_desc.o(i.USBD_FS_SerialStrDescriptor)
    USBD_GetString                           0x080051d9   Thumb Code    72  usbd_ctlreq.o(i.USBD_GetString)
    USBD_Init                                0x08005239   Thumb Code    42  usbd_core.o(i.USBD_Init)
    USBD_LL_ClearStallEP                     0x08005263   Thumb Code    18  usbd_conf.o(i.USBD_LL_ClearStallEP)
    USBD_LL_CloseEP                          0x08005275   Thumb Code    18  usbd_conf.o(i.USBD_LL_CloseEP)
    USBD_LL_DataInStage                      0x08005287   Thumb Code   198  usbd_core.o(i.USBD_LL_DataInStage)
    USBD_LL_DataOutStage                     0x0800534d   Thumb Code   130  usbd_core.o(i.USBD_LL_DataOutStage)
    USBD_LL_Init                             0x080053d1   Thumb Code   104  usbd_conf.o(i.USBD_LL_Init)
    USBD_LL_IsStallEP                        0x08005441   Thumb Code    32  usbd_conf.o(i.USBD_LL_IsStallEP)
    USBD_LL_OpenEP                           0x08005461   Thumb Code    24  usbd_conf.o(i.USBD_LL_OpenEP)
    USBD_LL_PrepareReceive                   0x08005479   Thumb Code    18  usbd_conf.o(i.USBD_LL_PrepareReceive)
    USBD_LL_Reset                            0x0800548b   Thumb Code    80  usbd_core.o(i.USBD_LL_Reset)
    USBD_LL_Resume                           0x080054db   Thumb Code    20  usbd_core.o(i.USBD_LL_Resume)
    USBD_LL_SOF                              0x080054ef   Thumb Code    24  usbd_core.o(i.USBD_LL_SOF)
    USBD_LL_SetSpeed                         0x08005507   Thumb Code     6  usbd_core.o(i.USBD_LL_SetSpeed)
    USBD_LL_SetUSBAddress                    0x0800550d   Thumb Code    18  usbd_conf.o(i.USBD_LL_SetUSBAddress)
    USBD_LL_SetupStage                       0x0800551f   Thumb Code    90  usbd_core.o(i.USBD_LL_SetupStage)
    USBD_LL_StallEP                          0x08005579   Thumb Code    18  usbd_conf.o(i.USBD_LL_StallEP)
    USBD_LL_Start                            0x0800558b   Thumb Code    18  usbd_conf.o(i.USBD_LL_Start)
    USBD_LL_Suspend                          0x0800559d   Thumb Code    18  usbd_core.o(i.USBD_LL_Suspend)
    USBD_LL_Transmit                         0x080055af   Thumb Code    18  usbd_conf.o(i.USBD_LL_Transmit)
    USBD_ParseSetupRequest                   0x080055c1   Thumb Code    40  usbd_ctlreq.o(i.USBD_ParseSetupRequest)
    USBD_RegisterClass                       0x080055e9   Thumb Code    16  usbd_core.o(i.USBD_RegisterClass)
    USBD_SetClassConfig                      0x080055f9   Thumb Code    22  usbd_core.o(i.USBD_SetClassConfig)
    USBD_Start                               0x08005695   Thumb Code    10  usbd_core.o(i.USBD_Start)
    USBD_StdDevReq                           0x0800569f   Thumb Code   274  usbd_ctlreq.o(i.USBD_StdDevReq)
    USBD_StdEPReq                            0x080057b1   Thumb Code   336  usbd_ctlreq.o(i.USBD_StdEPReq)
    USBD_StdItfReq                           0x08005901   Thumb Code    78  usbd_ctlreq.o(i.USBD_StdItfReq)
    USBD_static_free                         0x0800594f   Thumb Code     2  usbd_conf.o(i.USBD_static_free)
    USBD_static_malloc                       0x08005951   Thumb Code     4  usbd_conf.o(i.USBD_static_malloc)
    USB_ActivateEndpoint                     0x08005959   Thumb Code   600  stm32f1xx_ll_usb.o(i.USB_ActivateEndpoint)
    USB_CoreInit                             0x08005bb1   Thumb Code     4  stm32f1xx_ll_usb.o(i.USB_CoreInit)
    USB_DeactivateEndpoint                   0x08005bb5   Thumb Code   270  stm32f1xx_ll_usb.o(i.USB_DeactivateEndpoint)
    USB_DevConnect                           0x08005cc3   Thumb Code     4  stm32f1xx_ll_usb.o(i.USB_DevConnect)
    USB_DevDisconnect                        0x08005cc7   Thumb Code     4  stm32f1xx_ll_usb.o(i.USB_DevDisconnect)
    USB_DevInit                              0x08005ccb   Thumb Code    18  stm32f1xx_ll_usb.o(i.USB_DevInit)
    USB_DisableGlobalInt                     0x08005cdd   Thumb Code    14  stm32f1xx_ll_usb.o(i.USB_DisableGlobalInt)
    USB_EP0_OutStart                         0x08005ceb   Thumb Code     4  stm32f1xx_ll_usb.o(i.USB_EP0_OutStart)
    USB_EPClearStall                         0x08005cef   Thumb Code   120  stm32f1xx_ll_usb.o(i.USB_EPClearStall)
    USB_EPSetStall                           0x08005d67   Thumb Code    50  stm32f1xx_ll_usb.o(i.USB_EPSetStall)
    USB_EPStartXfer                          0x08005d99   Thumb Code  1548  stm32f1xx_ll_usb.o(i.USB_EPStartXfer)
    USB_EnableGlobalInt                      0x080063a5   Thumb Code    18  stm32f1xx_ll_usb.o(i.USB_EnableGlobalInt)
    USB_LP_CAN1_RX0_IRQHandler               0x080063b9   Thumb Code     6  stm32f1xx_it.o(i.USB_LP_CAN1_RX0_IRQHandler)
    USB_ReadInterrupts                       0x080063c5   Thumb Code     6  stm32f1xx_ll_usb.o(i.USB_ReadInterrupts)
    USB_ReadPMA                              0x080063cd   Thumb Code    44  stm32f1xx_ll_usb.o(i.USB_ReadPMA)
    USB_SetCurrentMode                       0x080063f9   Thumb Code     4  stm32f1xx_ll_usb.o(i.USB_SetCurrentMode)
    USB_SetDevAddress                        0x080063fd   Thumb Code    12  stm32f1xx_ll_usb.o(i.USB_SetDevAddress)
    USB_WritePMA                             0x08006409   Thumb Code    38  stm32f1xx_ll_usb.o(i.USB_WritePMA)
    UsageFault_Handler                       0x0800642f   Thumb Code     2  stm32f1xx_it.o(i.UsageFault_Handler)
    __ARM_fpclassify                         0x08006431   Thumb Code    40  fpclassify.o(i.__ARM_fpclassify)
    __mathlib_dbl_overflow                   0x08006479   Thumb Code    14  dunder.o(i.__mathlib_dbl_overflow)
    __mathlib_dbl_underflow                  0x08006489   Thumb Code    10  dunder.o(i.__mathlib_dbl_underflow)
    __mathlib_narrow                         0x08006499   Thumb Code    16  narrow.o(i.__mathlib_narrow)
    __mathlib_tofloat                        0x080064a9   Thumb Code   184  narrow.o(i.__mathlib_tofloat)
    __support_ldexp                          0x08006565   Thumb Code    22  ldexp.o(i.__support_ldexp)
    _is_digit                                0x0800657b   Thumb Code    14  __printf_wp.o(i._is_digit)
    axisInit                                 0x08006589   Thumb Code   122  main.o(i.axisInit)
    frexp                                    0x08006625   Thumb Code    80  frexp.o(i.frexp)
    int_abs                                  0x0800667d   Thumb Code     8  mymath.o(i.int_abs)
    ldexp                                    0x08006685   Thumb Code   116  ldexp.o(i.ldexp)
    main                                     0x080066f9   Thumb Code   384  main.o(i.main)
    move                                     0x080068b1   Thumb Code    58  main.o(i.move)
    sample                                   0x080068eb   Thumb Code    48  motorcontrol.o(i.sample)
    _get_lc_numeric                          0x0800691d   Thumb Code    44  lc_numeric_c.o(locale$$code)
    _get_lc_ctype                            0x08006949   Thumb Code    44  lc_ctype_c.o(locale$$code)
    __aeabi_d2f                              0x08006975   Thumb Code     0  d2f.o(x$fpl$d2f)
    _d2f                                     0x08006975   Thumb Code    98  d2f.o(x$fpl$d2f)
    __aeabi_dadd                             0x080069d9   Thumb Code     0  daddsub_clz.o(x$fpl$dadd)
    _dadd                                    0x080069d9   Thumb Code   332  daddsub_clz.o(x$fpl$dadd)
    __fpl_dcheck_NaN1                        0x08006b29   Thumb Code    10  dcheck1.o(x$fpl$dcheck1)
    __fpl_dcmp_Inf                           0x08006b39   Thumb Code    24  dcmpi.o(x$fpl$dcmpinf)
    __aeabi_ddiv                             0x08006b51   Thumb Code     0  ddiv.o(x$fpl$ddiv)
    _ddiv                                    0x08006b51   Thumb Code   552  ddiv.o(x$fpl$ddiv)
    __aeabi_cdcmpeq                          0x08006e01   Thumb Code     0  deqf.o(x$fpl$deqf)
    _dcmpeq                                  0x08006e01   Thumb Code   120  deqf.o(x$fpl$deqf)
    __aeabi_i2d                              0x08006e79   Thumb Code     0  dflt_clz.o(x$fpl$dflt)
    _dflt                                    0x08006e79   Thumb Code    46  dflt_clz.o(x$fpl$dflt)
    __aeabi_cdcmple                          0x08006ea9   Thumb Code     0  dleqf.o(x$fpl$dleqf)
    _dcmple                                  0x08006ea9   Thumb Code   120  dleqf.o(x$fpl$dleqf)
    __fpl_dcmple_InfNaN                      0x08006f0b   Thumb Code     0  dleqf.o(x$fpl$dleqf)
    __aeabi_dmul                             0x08006f21   Thumb Code     0  dmul.o(x$fpl$dmul)
    _dmul                                    0x08006f21   Thumb Code   332  dmul.o(x$fpl$dmul)
    __fpl_dnaninf                            0x08007075   Thumb Code   156  dnaninf.o(x$fpl$dnaninf)
    __fpl_dretinf                            0x08007111   Thumb Code    12  dretinf.o(x$fpl$dretinf)
    __aeabi_cdrcmple                         0x0800711d   Thumb Code     0  drleqf.o(x$fpl$drleqf)
    _drcmple                                 0x0800711d   Thumb Code   108  drleqf.o(x$fpl$drleqf)
    __aeabi_dsub                             0x08007189   Thumb Code     0  daddsub_clz.o(x$fpl$dsub)
    _dsub                                    0x08007189   Thumb Code   464  daddsub_clz.o(x$fpl$dsub)
    __aeabi_f2d                              0x0800735d   Thumb Code     0  f2d.o(x$fpl$f2d)
    _f2d                                     0x0800735d   Thumb Code    86  f2d.o(x$fpl$f2d)
    __aeabi_fadd                             0x080073b5   Thumb Code     0  faddsub_clz.o(x$fpl$fadd)
    _fadd                                    0x080073b5   Thumb Code   196  faddsub_clz.o(x$fpl$fadd)
    __aeabi_f2iz                             0x08007479   Thumb Code     0  ffix.o(x$fpl$ffix)
    _ffix                                    0x08007479   Thumb Code    54  ffix.o(x$fpl$ffix)
    __aeabi_i2f                              0x080074b1   Thumb Code     0  fflt_clz.o(x$fpl$fflt)
    _fflt                                    0x080074b1   Thumb Code    48  fflt_clz.o(x$fpl$fflt)
    __aeabi_fmul                             0x080074e1   Thumb Code     0  fmul.o(x$fpl$fmul)
    _fmul                                    0x080074e1   Thumb Code   258  fmul.o(x$fpl$fmul)
    __fpl_fnaninf                            0x080075e3   Thumb Code   140  fnaninf.o(x$fpl$fnaninf)
    __fpl_fretinf                            0x0800766f   Thumb Code    10  fretinf.o(x$fpl$fretinf)
    __aeabi_fsub                             0x08007679   Thumb Code     0  faddsub_clz.o(x$fpl$fsub)
    _fsub                                    0x08007679   Thumb Code   234  faddsub_clz.o(x$fpl$fsub)
    __ieee_status                            0x08007763   Thumb Code     6  istatus.o(x$fpl$ieeestatus)
    _printf_fp_dec                           0x08007769   Thumb Code     4  printf1.o(x$fpl$printf1)
    __fpl_return_NaN                         0x0800776d   Thumb Code   100  retnan.o(x$fpl$retnan)
    __ARM_scalbn                             0x080077d1   Thumb Code    92  scalbn.o(x$fpl$scalbn)
    _scanf_real                              0x0800782d   Thumb Code     4  scanf1.o(x$fpl$scanf1)
    _scanf_hex_real                          0x08007831   Thumb Code     4  scanf2.o(x$fpl$scanf2)
    _scanf_infnan                            0x08007835   Thumb Code     4  scanf2.o(x$fpl$scanf2)
    __fpl_cmpreturn                          0x08007839   Thumb Code    48  trapv.o(x$fpl$trapveneer)
    AHBPrescTable                            0x08007868   Data          16  system_stm32f1xx.o(.constdata)
    __I$use$fp                               0x08007868   Number         0  usenofp.o(x$fpl$usenofp)
    Region$$Table$$Base                      0x0800790c   Number         0  anon$$obj.o(Region$$Table)
    Region$$Table$$Limit                     0x0800792c   Number         0  anon$$obj.o(Region$$Table)
    __aeabi_HUGE_VAL                         0x0800792c   Data           0  fpconst.o(c$$dinf)
    __aeabi_HUGE_VALL                        0x0800792c   Data           0  fpconst.o(c$$dinf)
    __aeabi_INFINITY                         0x0800792c   Data           0  fpconst.o(c$$dinf)
    __dInf                                   0x0800792c   Data           0  fpconst.o(c$$dinf)
    __huge_val                               0x0800792c   Data           0  fpconst.o(c$$dinf)
    __dbl_max                                0x08007934   Data           0  fpconst.o(c$$dmax)
    __ctype                                  0x08007965   Data           0  lc_ctype_c.o(locale$$data)
    process_mode                             0x20000000   Data           1  main.o(.data)
    thickness                                0x20000004   Data           4  main.o(.data)
    FS_Desc                                  0x20000008   Data          28  usbd_desc.o(.data)
    USBD_LangIDDesc                          0x20000024   Data           4  usbd_desc.o(.data)
    USBD_FS_DeviceDesc                       0x20000028   Data          18  usbd_desc.o(.data)
    USBD_StringSerial                        0x2000003c   Data          26  usbd_desc.o(.data)
    _cncState                                0x20000058   Data           1  usbd_custom_hid_if.o(.data)
    temp                                     0x2000005c   Data           4  usbd_custom_hid_if.o(.data)
    USBD_CustomHID_fops_FS                   0x2000007c   Data          16  usbd_custom_hid_if.o(.data)
    uwTickFreq                               0x2000008c   Data           1  stm32f1xx_hal.o(.data)
    uwTickPrio                               0x20000090   Data           4  stm32f1xx_hal.o(.data)
    uwTick                                   0x20000094   Data           4  stm32f1xx_hal.o(.data)
    SystemCoreClock                          0x20000098   Data           4  system_stm32f1xx.o(.data)
    USBD_CUSTOM_HID                          0x200000a0   Data          56  usbd_customhid.o(.data)
    htim1                                    0x20000174   Data          72  main.o(.bss)
    htim2                                    0x200001bc   Data          72  main.o(.bss)
    htim3                                    0x20000204   Data          72  main.o(.bss)
    htim4                                    0x2000024c   Data          72  main.o(.bss)
    x_axis                                   0x20000294   Data          76  main.o(.bss)
    y_axis                                   0x200002e0   Data          76  main.o(.bss)
    z_axis                                   0x2000032c   Data          76  main.o(.bss)
    data                                     0x20000378   Data         236  main.o(.bss)
    hUsbDeviceFS                             0x20000464   Data         708  usb_device.o(.bss)
    USBD_StrDesc                             0x20000728   Data         512  usbd_desc.o(.bss)
    hpcd_USB_FS                              0x200009c0   Data         748  usbd_conf.o(.bss)
    __libspace_start                         0x20000cac   Data          96  libspace.o(.bss)
    __temporary_stack_top$libspace           0x20000d0c   Data           0  libspace.o(.bss)



==============================================================================

Memory Map of the image

  Image Entry point : 0x080000ed

  Load Region LR_IROM1 (Base: 0x08000000, Size: 0x00007bdc, Max: 0x00010000, ABSOLUTE, COMPRESSED[0x00007b20])

    Execution Region ER_IROM1 (Exec base: 0x08000000, Load base: 0x08000000, Size: 0x00007a68, Max: 0x00010000, ABSOLUTE)

    Exec Addr    Load Addr    Size         Type   Attr      Idx    E Section Name        Object

    0x08000000   0x08000000   0x000000ec   Data   RO            3    RESET               startup_stm32f103xb.o
    0x080000ec   0x080000ec   0x00000008   Code   RO         3734  * !!!main             c_w.l(__main.o)
    0x080000f4   0x080000f4   0x00000034   Code   RO         4181    !!!scatter          c_w.l(__scatter.o)
    0x08000128   0x08000128   0x0000005a   Code   RO         4179    !!dczerorl2         c_w.l(__dczerorl2.o)
    0x08000182   0x08000182   0x00000002   PAD
    0x08000184   0x08000184   0x0000001c   Code   RO         4183    !!handler_zi        c_w.l(__scatter_zi.o)
    0x080001a0   0x080001a0   0x00000000   Code   RO         3719    .ARM.Collect$$_printf_percent$$00000000  c_w.l(_printf_percent.o)
    0x080001a0   0x080001a0   0x00000006   Code   RO         3718    .ARM.Collect$$_printf_percent$$00000003  c_w.l(_printf_f.o)
    0x080001a6   0x080001a6   0x00000006   Code   RO         3717    .ARM.Collect$$_printf_percent$$00000009  c_w.l(_printf_d.o)
    0x080001ac   0x080001ac   0x00000006   Code   RO         3716    .ARM.Collect$$_printf_percent$$00000014  c_w.l(_printf_s.o)
    0x080001b2   0x080001b2   0x00000004   Code   RO         3849    .ARM.Collect$$_printf_percent$$00000017  c_w.l(_printf_percent_end.o)
    0x080001b6   0x080001b6   0x00000002   Code   RO         4027    .ARM.Collect$$libinit$$00000000  c_w.l(libinit.o)
    0x080001b8   0x080001b8   0x00000000   Code   RO         4029    .ARM.Collect$$libinit$$00000002  c_w.l(libinit2.o)
    0x080001b8   0x080001b8   0x00000000   Code   RO         4031    .ARM.Collect$$libinit$$00000004  c_w.l(libinit2.o)
    0x080001b8   0x080001b8   0x00000000   Code   RO         4034    .ARM.Collect$$libinit$$0000000A  c_w.l(libinit2.o)
    0x080001b8   0x080001b8   0x00000000   Code   RO         4036    .ARM.Collect$$libinit$$0000000C  c_w.l(libinit2.o)
    0x080001b8   0x080001b8   0x00000000   Code   RO         4038    .ARM.Collect$$libinit$$0000000E  c_w.l(libinit2.o)
    0x080001b8   0x080001b8   0x00000006   Code   RO         4039    .ARM.Collect$$libinit$$0000000F  c_w.l(libinit2.o)
    0x080001be   0x080001be   0x00000000   Code   RO         4041    .ARM.Collect$$libinit$$00000011  c_w.l(libinit2.o)
    0x080001be   0x080001be   0x0000000c   Code   RO         4042    .ARM.Collect$$libinit$$00000012  c_w.l(libinit2.o)
    0x080001ca   0x080001ca   0x00000000   Code   RO         4043    .ARM.Collect$$libinit$$00000013  c_w.l(libinit2.o)
    0x080001ca   0x080001ca   0x00000000   Code   RO         4045    .ARM.Collect$$libinit$$00000015  c_w.l(libinit2.o)
    0x080001ca   0x080001ca   0x0000000a   Code   RO         4046    .ARM.Collect$$libinit$$00000016  c_w.l(libinit2.o)
    0x080001d4   0x080001d4   0x00000000   Code   RO         4047    .ARM.Collect$$libinit$$00000017  c_w.l(libinit2.o)
    0x080001d4   0x080001d4   0x00000000   Code   RO         4049    .ARM.Collect$$libinit$$00000019  c_w.l(libinit2.o)
    0x080001d4   0x080001d4   0x00000000   Code   RO         4051    .ARM.Collect$$libinit$$0000001B  c_w.l(libinit2.o)
    0x080001d4   0x080001d4   0x00000000   Code   RO         4053    .ARM.Collect$$libinit$$0000001D  c_w.l(libinit2.o)
    0x080001d4   0x080001d4   0x00000000   Code   RO         4055    .ARM.Collect$$libinit$$0000001F  c_w.l(libinit2.o)
    0x080001d4   0x080001d4   0x00000000   Code   RO         4057    .ARM.Collect$$libinit$$00000021  c_w.l(libinit2.o)
    0x080001d4   0x080001d4   0x00000000   Code   RO         4059    .ARM.Collect$$libinit$$00000023  c_w.l(libinit2.o)
    0x080001d4   0x080001d4   0x00000000   Code   RO         4061    .ARM.Collect$$libinit$$00000025  c_w.l(libinit2.o)
    0x080001d4   0x080001d4   0x00000000   Code   RO         4065    .ARM.Collect$$libinit$$0000002C  c_w.l(libinit2.o)
    0x080001d4   0x080001d4   0x00000000   Code   RO         4067    .ARM.Collect$$libinit$$0000002E  c_w.l(libinit2.o)
    0x080001d4   0x080001d4   0x00000000   Code   RO         4069    .ARM.Collect$$libinit$$00000030  c_w.l(libinit2.o)
    0x080001d4   0x080001d4   0x00000000   Code   RO         4071    .ARM.Collect$$libinit$$00000032  c_w.l(libinit2.o)
    0x080001d4   0x080001d4   0x00000002   Code   RO         4072    .ARM.Collect$$libinit$$00000033  c_w.l(libinit2.o)
    0x080001d6   0x080001d6   0x00000002   Code   RO         4127    .ARM.Collect$$libshutdown$$00000000  c_w.l(libshutdown.o)
    0x080001d8   0x080001d8   0x00000000   Code   RO         4138    .ARM.Collect$$libshutdown$$00000002  c_w.l(libshutdown2.o)
    0x080001d8   0x080001d8   0x00000000   Code   RO         4140    .ARM.Collect$$libshutdown$$00000004  c_w.l(libshutdown2.o)
    0x080001d8   0x080001d8   0x00000000   Code   RO         4143    .ARM.Collect$$libshutdown$$00000007  c_w.l(libshutdown2.o)
    0x080001d8   0x080001d8   0x00000000   Code   RO         4146    .ARM.Collect$$libshutdown$$0000000A  c_w.l(libshutdown2.o)
    0x080001d8   0x080001d8   0x00000000   Code   RO         4148    .ARM.Collect$$libshutdown$$0000000C  c_w.l(libshutdown2.o)
    0x080001d8   0x080001d8   0x00000000   Code   RO         4151    .ARM.Collect$$libshutdown$$0000000F  c_w.l(libshutdown2.o)
    0x080001d8   0x080001d8   0x00000002   Code   RO         4152    .ARM.Collect$$libshutdown$$00000010  c_w.l(libshutdown2.o)
    0x080001da   0x080001da   0x00000000   Code   RO         3836    .ARM.Collect$$rtentry$$00000000  c_w.l(__rtentry.o)
    0x080001da   0x080001da   0x00000000   Code   RO         3923    .ARM.Collect$$rtentry$$00000002  c_w.l(__rtentry2.o)
    0x080001da   0x080001da   0x00000006   Code   RO         3935    .ARM.Collect$$rtentry$$00000004  c_w.l(__rtentry4.o)
    0x080001e0   0x080001e0   0x00000000   Code   RO         3925    .ARM.Collect$$rtentry$$00000009  c_w.l(__rtentry2.o)
    0x080001e0   0x080001e0   0x00000004   Code   RO         3926    .ARM.Collect$$rtentry$$0000000A  c_w.l(__rtentry2.o)
    0x080001e4   0x080001e4   0x00000000   Code   RO         3928    .ARM.Collect$$rtentry$$0000000C  c_w.l(__rtentry2.o)
    0x080001e4   0x080001e4   0x00000008   Code   RO         3929    .ARM.Collect$$rtentry$$0000000D  c_w.l(__rtentry2.o)
    0x080001ec   0x080001ec   0x00000002   Code   RO         4081    .ARM.Collect$$rtexit$$00000000  c_w.l(rtexit.o)
    0x080001ee   0x080001ee   0x00000000   Code   RO         4105    .ARM.Collect$$rtexit$$00000002  c_w.l(rtexit2.o)
    0x080001ee   0x080001ee   0x00000004   Code   RO         4106    .ARM.Collect$$rtexit$$00000003  c_w.l(rtexit2.o)
    0x080001f2   0x080001f2   0x00000006   Code   RO         4107    .ARM.Collect$$rtexit$$00000004  c_w.l(rtexit2.o)
    0x080001f8   0x080001f8   0x00000040   Code   RO            4    .text               startup_stm32f103xb.o
    0x08000238   0x08000238   0x00000028   Code   RO         3688    .text               c_w.l(noretval__2sprintf.o)
    0x08000260   0x08000260   0x00000052   Code   RO         3692    .text               c_w.l(_printf_str.o)
    0x080002b2   0x080002b2   0x00000002   PAD
    0x080002b4   0x080002b4   0x00000078   Code   RO         3694    .text               c_w.l(_printf_dec.o)
    0x0800032c   0x0800032c   0x0000010e   Code   RO         3704    .text               c_w.l(__printf_wp.o)
    0x0800043a   0x0800043a   0x00000002   PAD
    0x0800043c   0x0800043c   0x0000003c   Code   RO         3720    .text               c_w.l(__0sscanf.o)
    0x08000478   0x08000478   0x0000014c   Code   RO         3722    .text               c_w.l(_scanf_int.o)
    0x080005c4   0x080005c4   0x000000e0   Code   RO         3724    .text               c_w.l(_scanf_str.o)
    0x080006a4   0x080006a4   0x00000064   Code   RO         3726    .text               c_w.l(rt_memcpy_w.o)
    0x08000708   0x08000708   0x00000044   Code   RO         3728    .text               c_w.l(rt_memclr.o)
    0x0800074c   0x0800074c   0x0000004e   Code   RO         3730    .text               c_w.l(rt_memclr_w.o)
    0x0800079a   0x0800079a   0x00000006   Code   RO         3732    .text               c_w.l(heapauxi.o)
    0x080007a0   0x080007a0   0x00000016   Code   RO         3837    .text               c_w.l(_rserrno.o)
    0x080007b6   0x080007b6   0x000000b2   Code   RO         3839    .text               c_w.l(_printf_intcommon.o)
    0x08000868   0x08000868   0x0000041e   Code   RO         3841    .text               c_w.l(_printf_fp_dec.o)
    0x08000c86   0x08000c86   0x00000002   PAD
    0x08000c88   0x08000c88   0x00000030   Code   RO         3843    .text               c_w.l(_printf_char_common.o)
    0x08000cb8   0x08000cb8   0x0000000a   Code   RO         3845    .text               c_w.l(_sputc.o)
    0x08000cc2   0x08000cc2   0x0000002c   Code   RO         3847    .text               c_w.l(_printf_char.o)
    0x08000cee   0x08000cee   0x0000001c   Code   RO         3850    .text               c_w.l(_chval.o)
    0x08000d0a   0x08000d0a   0x00000002   PAD
    0x08000d0c   0x08000d0c   0x000004f8   Code   RO         3852    .text               c_w.l(scanf_fp.o)
    0x08001204   0x08001204   0x0000002c   Code   RO         3854    .text               c_w.l(scanf_char.o)
    0x08001230   0x08001230   0x00000040   Code   RO         3856    .text               c_w.l(_sgetc.o)
    0x08001270   0x08001270   0x00000008   Code   RO         3940    .text               c_w.l(rt_locale_intlibspace.o)
    0x08001278   0x08001278   0x00000008   Code   RO         3945    .text               c_w.l(rt_errno_addr_intlibspace.o)
    0x08001280   0x08001280   0x0000008a   Code   RO         3947    .text               c_w.l(lludiv10.o)
    0x0800130a   0x0800130a   0x00000012   Code   RO         3949    .text               c_w.l(isspace.o)
    0x0800131c   0x0800131c   0x00000080   Code   RO         3951    .text               c_w.l(_printf_fp_infnan.o)
    0x0800139c   0x0800139c   0x00000374   Code   RO         3955    .text               c_w.l(_scanf.o)
    0x08001710   0x08001710   0x000000e4   Code   RO         3957    .text               c_w.l(bigflt0.o)
    0x080017f4   0x080017f4   0x00000008   Code   RO         4007    .text               c_w.l(libspace.o)
    0x080017fc   0x080017fc   0x0000004a   Code   RO         4010    .text               c_w.l(sys_stackheap_outer.o)
    0x08001846   0x08001846   0x00000002   PAD
    0x08001848   0x08001848   0x00000010   Code   RO         4012    .text               c_w.l(rt_ctype_table.o)
    0x08001858   0x08001858   0x00000320   Code   RO         4014    .text               c_w.l(scanf_hexfp.o)
    0x08001b78   0x08001b78   0x00000134   Code   RO         4016    .text               c_w.l(scanf_infnan.o)
    0x08001cac   0x08001cac   0x00000012   Code   RO         4018    .text               c_w.l(exit.o)
    0x08001cbe   0x08001cbe   0x00000002   PAD
    0x08001cc0   0x08001cc0   0x00000080   Code   RO         4020    .text               c_w.l(strcmpv7m.o)
    0x08001d40   0x08001d40   0x00000026   Code   RO         4083    .text               c_w.l(llshl.o)
    0x08001d66   0x08001d66   0x00000002   PAD
    0x08001d68   0x08001d68   0x0000000c   Code   RO         4117    .text               c_w.l(sys_exit.o)
    0x08001d74   0x08001d74   0x00000002   Code   RO         4128    .text               c_w.l(use_no_semi.o)
    0x08001d76   0x08001d76   0x00000000   Code   RO         4130    .text               c_w.l(indicate_semi.o)
    0x08001d76   0x08001d76   0x0000003e   Code   RO         3960    CL$$btod_d2e        c_w.l(btod.o)
    0x08001db4   0x08001db4   0x00000046   Code   RO         3962    CL$$btod_d2e_denorm_low  c_w.l(btod.o)
    0x08001dfa   0x08001dfa   0x00000060   Code   RO         3961    CL$$btod_d2e_norm_op1  c_w.l(btod.o)
    0x08001e5a   0x08001e5a   0x00000338   Code   RO         3970    CL$$btod_div_common  c_w.l(btod.o)
    0x08002192   0x08002192   0x00000002   PAD
    0x08002194   0x08002194   0x00000084   Code   RO         3968    CL$$btod_e2d        c_w.l(btod.o)
    0x08002218   0x08002218   0x000000dc   Code   RO         3967    CL$$btod_e2e        c_w.l(btod.o)
    0x080022f4   0x080022f4   0x0000002a   Code   RO         3964    CL$$btod_ediv       c_w.l(btod.o)
    0x0800231e   0x0800231e   0x0000002a   Code   RO         3966    CL$$btod_edivd      c_w.l(btod.o)
    0x08002348   0x08002348   0x0000002a   Code   RO         3963    CL$$btod_emul       c_w.l(btod.o)
    0x08002372   0x08002372   0x0000002a   Code   RO         3965    CL$$btod_emuld      c_w.l(btod.o)
    0x0800239c   0x0800239c   0x00000244   Code   RO         3969    CL$$btod_mult_common  c_w.l(btod.o)
    0x080025e0   0x080025e0   0x00000002   Code   RO          243    i.BusFault_Handler  stm32f1xx_it.o
    0x080025e2   0x080025e2   0x00000004   Code   RO          502    i.CUSTOM_HID_DeInit_FS  usbd_custom_hid_if.o
    0x080025e6   0x080025e6   0x00000004   Code   RO          503    i.CUSTOM_HID_Init_FS  usbd_custom_hid_if.o
    0x080025ea   0x080025ea   0x00000002   PAD
    0x080025ec   0x080025ec   0x000003a4   Code   RO          504    i.CUSTOM_HID_OutEvent_FS  usbd_custom_hid_if.o
    0x08002990   0x08002990   0x00000002   Code   RO          244    i.DebugMon_Handler  stm32f1xx_it.o
    0x08002992   0x08002992   0x0000001e   Code   RO          245    i.EXTI15_10_IRQHandler  stm32f1xx_it.o
    0x080029b0   0x080029b0   0x00000004   Code   RO           13    i.Error_Handler     main.o
    0x080029b4   0x080029b4   0x00000044   Code   RO           14    i.HAL_GPIO_EXTI_Callback  main.o
    0x080029f8   0x080029f8   0x00000018   Code   RO         1560    i.HAL_GPIO_EXTI_IRQHandler  stm32f1xx_hal_gpio.o
    0x08002a10   0x08002a10   0x000001e0   Code   RO         1561    i.HAL_GPIO_Init     stm32f1xx_hal_gpio.o
    0x08002bf0   0x08002bf0   0x0000000a   Code   RO         1563    i.HAL_GPIO_ReadPin  stm32f1xx_hal_gpio.o
    0x08002bfa   0x08002bfa   0x0000000a   Code   RO         1565    i.HAL_GPIO_WritePin  stm32f1xx_hal_gpio.o
    0x08002c04   0x08002c04   0x0000000c   Code   RO         1257    i.HAL_GetTick       stm32f1xx_hal.o
    0x08002c10   0x08002c10   0x00000010   Code   RO         1263    i.HAL_IncTick       stm32f1xx_hal.o
    0x08002c20   0x08002c20   0x00000024   Code   RO         1264    i.HAL_Init          stm32f1xx_hal.o
    0x08002c44   0x08002c44   0x00000040   Code   RO         1265    i.HAL_InitTick      stm32f1xx_hal.o
    0x08002c84   0x08002c84   0x0000003c   Code   RO          331    i.HAL_MspInit       stm32f1xx_hal_msp.o
    0x08002cc0   0x08002cc0   0x0000001a   Code   RO         1721    i.HAL_NVIC_EnableIRQ  stm32f1xx_hal_cortex.o
    0x08002cda   0x08002cda   0x00000002   PAD
    0x08002cdc   0x08002cdc   0x00000040   Code   RO         1727    i.HAL_NVIC_SetPriority  stm32f1xx_hal_cortex.o
    0x08002d1c   0x08002d1c   0x00000024   Code   RO         1728    i.HAL_NVIC_SetPriorityGrouping  stm32f1xx_hal_cortex.o
    0x08002d40   0x08002d40   0x0000003c   Code   RO         1026    i.HAL_PCDEx_PMAConfig  stm32f1xx_hal_pcd_ex.o
    0x08002d7c   0x08002d7c   0x00000002   Code   RO          545    i.HAL_PCDEx_SetConnectionState  usbd_conf.o
    0x08002d7e   0x08002d7e   0x00000012   Code   RO          547    i.HAL_PCD_DataInStageCallback  usbd_conf.o
    0x08002d90   0x08002d90   0x00000014   Code   RO          548    i.HAL_PCD_DataOutStageCallback  usbd_conf.o
    0x08002da4   0x08002da4   0x0000004c   Code   RO          802    i.HAL_PCD_EP_Close  stm32f1xx_hal_pcd.o
    0x08002df0   0x08002df0   0x0000005c   Code   RO          803    i.HAL_PCD_EP_ClrStall  stm32f1xx_hal_pcd.o
    0x08002e4c   0x08002e4c   0x000000e6   Code   RO          804    i.HAL_PCD_EP_DB_Receive  stm32f1xx_hal_pcd.o
    0x08002f32   0x08002f32   0x00000330   Code   RO          805    i.HAL_PCD_EP_DB_Transmit  stm32f1xx_hal_pcd.o
    0x08003262   0x08003262   0x00000060   Code   RO          808    i.HAL_PCD_EP_Open   stm32f1xx_hal_pcd.o
    0x080032c2   0x080032c2   0x00000032   Code   RO          809    i.HAL_PCD_EP_Receive  stm32f1xx_hal_pcd.o
    0x080032f4   0x080032f4   0x00000072   Code   RO          810    i.HAL_PCD_EP_SetStall  stm32f1xx_hal_pcd.o
    0x08003366   0x08003366   0x00000034   Code   RO          811    i.HAL_PCD_EP_Transmit  stm32f1xx_hal_pcd.o
    0x0800339a   0x0800339a   0x00000154   Code   RO          813    i.HAL_PCD_IRQHandler  stm32f1xx_hal_pcd.o
    0x080034ee   0x080034ee   0x00000002   PAD
    0x080034f0   0x080034f0   0x000000da   Code   RO          816    i.HAL_PCD_Init      stm32f1xx_hal_pcd.o
    0x080035ca   0x080035ca   0x00000002   PAD
    0x080035cc   0x080035cc   0x0000003c   Code   RO          553    i.HAL_PCD_MspInit   usbd_conf.o
    0x08003608   0x08003608   0x00000026   Code   RO          554    i.HAL_PCD_ResetCallback  usbd_conf.o
    0x0800362e   0x0800362e   0x00000008   Code   RO          555    i.HAL_PCD_ResumeCallback  usbd_conf.o
    0x08003636   0x08003636   0x00000008   Code   RO          556    i.HAL_PCD_SOFCallback  usbd_conf.o
    0x0800363e   0x0800363e   0x00000028   Code   RO          822    i.HAL_PCD_SetAddress  stm32f1xx_hal_pcd.o
    0x08003666   0x08003666   0x0000000e   Code   RO          557    i.HAL_PCD_SetupStageCallback  usbd_conf.o
    0x08003674   0x08003674   0x00000032   Code   RO          824    i.HAL_PCD_Start     stm32f1xx_hal_pcd.o
    0x080036a6   0x080036a6   0x00000002   PAD
    0x080036a8   0x080036a8   0x00000024   Code   RO          558    i.HAL_PCD_SuspendCallback  usbd_conf.o
    0x080036cc   0x080036cc   0x000000ec   Code   RO         1524    i.HAL_RCCEx_PeriphCLKConfig  stm32f1xx_hal_rcc_ex.o
    0x080037b8   0x080037b8   0x0000012c   Code   RO         1421    i.HAL_RCC_ClockConfig  stm32f1xx_hal_rcc.o
    0x080038e4   0x080038e4   0x0000006c   Code   RO         1430    i.HAL_RCC_GetSysClockFreq  stm32f1xx_hal_rcc.o
    0x08003950   0x08003950   0x00000320   Code   RO         1433    i.HAL_RCC_OscConfig  stm32f1xx_hal_rcc.o
    0x08003c70   0x08003c70   0x00000028   Code   RO         1732    i.HAL_SYSTICK_Config  stm32f1xx_hal_cortex.o
    0x08003c98   0x08003c98   0x00000068   Code   RO         2946    i.HAL_TIMEx_MasterConfigSynchronization  stm32f1xx_hal_tim_ex.o
    0x08003d00   0x08003d00   0x0000005a   Code   RO         2223    i.HAL_TIM_Base_Init  stm32f1xx_hal_tim.o
    0x08003d5a   0x08003d5a   0x00000002   PAD
    0x08003d5c   0x08003d5c   0x00000028   Code   RO          333    i.HAL_TIM_Base_MspInit  stm32f1xx_hal_msp.o
    0x08003d84   0x08003d84   0x000000d6   Code   RO         2232    i.HAL_TIM_ConfigClockSource  stm32f1xx_hal_tim.o
    0x08003e5a   0x08003e5a   0x000000a4   Code   RO         2244    i.HAL_TIM_Encoder_Init  stm32f1xx_hal_tim.o
    0x08003efe   0x08003efe   0x00000002   PAD
    0x08003f00   0x08003f00   0x000000b8   Code   RO          335    i.HAL_TIM_Encoder_MspInit  stm32f1xx_hal_msp.o
    0x08003fb8   0x08003fb8   0x0000008e   Code   RO         2247    i.HAL_TIM_Encoder_Start  stm32f1xx_hal_tim.o
    0x08004046   0x08004046   0x00000002   PAD
    0x08004048   0x08004048   0x00000070   Code   RO          336    i.HAL_TIM_MspPostInit  stm32f1xx_hal_msp.o
    0x080040b8   0x080040b8   0x000000c6   Code   RO         2295    i.HAL_TIM_PWM_ConfigChannel  stm32f1xx_hal_tim.o
    0x0800417e   0x0800417e   0x0000005a   Code   RO         2298    i.HAL_TIM_PWM_Init  stm32f1xx_hal_tim.o
    0x080041d8   0x080041d8   0x00000002   Code   RO         2300    i.HAL_TIM_PWM_MspInit  stm32f1xx_hal_tim.o
    0x080041da   0x080041da   0x00000002   PAD
    0x080041dc   0x080041dc   0x0000009c   Code   RO         2303    i.HAL_TIM_PWM_Start  stm32f1xx_hal_tim.o
    0x08004278   0x08004278   0x00000034   Code   RO         3582    i.HOME              motorcontrol.o
    0x080042ac   0x080042ac   0x00000002   Code   RO          246    i.HardFault_Handler  stm32f1xx_it.o
    0x080042ae   0x080042ae   0x00000002   PAD
    0x080042b0   0x080042b0   0x00000038   Code   RO          416    i.IntToUnicode      usbd_desc.o
    0x080042e8   0x080042e8   0x000000ac   Code   RO           15    i.MX_GPIO_Init      main.o
    0x08004394   0x08004394   0x0000006c   Code   RO           16    i.MX_TIM1_Init      main.o
    0x08004400   0x08004400   0x00000068   Code   RO           17    i.MX_TIM2_Init      main.o
    0x08004468   0x08004468   0x000000c8   Code   RO           18    i.MX_TIM3_Init      main.o
    0x08004530   0x08004530   0x0000006c   Code   RO           19    i.MX_TIM4_Init      main.o
    0x0800459c   0x0800459c   0x00000054   Code   RO          385    i.MX_USB_DEVICE_Init  usb_device.o
    0x080045f0   0x080045f0   0x00000002   Code   RO          247    i.MemManage_Handler  stm32f1xx_it.o
    0x080045f2   0x080045f2   0x00000002   Code   RO          248    i.NMI_Handler       stm32f1xx_it.o
    0x080045f4   0x080045f4   0x00000314   Code   RO          828    i.PCD_EP_ISR_Handler  stm32f1xx_hal_pcd.o
    0x08004908   0x08004908   0x000000a4   Code   RO         3583    i.PID_control       motorcontrol.o
    0x080049ac   0x080049ac   0x000000a0   Code   RO         3584    i.PWM               motorcontrol.o
    0x08004a4c   0x08004a4c   0x00000002   Code   RO          249    i.PendSV_Handler    stm32f1xx_it.o
    0x08004a4e   0x08004a4e   0x00000002   Code   RO          250    i.SVC_Handler       stm32f1xx_it.o
    0x08004a50   0x08004a50   0x00000028   Code   RO          251    i.SysTick_Handler   stm32f1xx_it.o
    0x08004a78   0x08004a78   0x00000076   Code   RO           20    i.SystemClock_Config  main.o
    0x08004aee   0x08004aee   0x00000002   Code   RO         3195    i.SystemInit        system_stm32f1xx.o
    0x08004af0   0x08004af0   0x0000006c   Code   RO         2316    i.TIM_Base_SetConfig  stm32f1xx_hal_tim.o
    0x08004b5c   0x08004b5c   0x0000001a   Code   RO         2317    i.TIM_CCxChannelCmd  stm32f1xx_hal_tim.o
    0x08004b76   0x08004b76   0x00000014   Code   RO         2327    i.TIM_ETR_SetConfig  stm32f1xx_hal_tim.o
    0x08004b8a   0x08004b8a   0x00000010   Code   RO         2328    i.TIM_ITRx_SetConfig  stm32f1xx_hal_tim.o
    0x08004b9a   0x08004b9a   0x00000002   PAD
    0x08004b9c   0x08004b9c   0x00000050   Code   RO         2329    i.TIM_OC1_SetConfig  stm32f1xx_hal_tim.o
    0x08004bec   0x08004bec   0x00000058   Code   RO         2330    i.TIM_OC2_SetConfig  stm32f1xx_hal_tim.o
    0x08004c44   0x08004c44   0x00000058   Code   RO         2331    i.TIM_OC3_SetConfig  stm32f1xx_hal_tim.o
    0x08004c9c   0x08004c9c   0x00000044   Code   RO         2332    i.TIM_OC4_SetConfig  stm32f1xx_hal_tim.o
    0x08004ce0   0x08004ce0   0x00000022   Code   RO         2334    i.TIM_TI1_ConfigInputStage  stm32f1xx_hal_tim.o
    0x08004d02   0x08004d02   0x00000024   Code   RO         2336    i.TIM_TI2_ConfigInputStage  stm32f1xx_hal_tim.o
    0x08004d26   0x08004d26   0x0000000e   Code   RO         3495    i.USBD_CUSTOM_HID_DataIn  usbd_customhid.o
    0x08004d34   0x08004d34   0x00000024   Code   RO         3496    i.USBD_CUSTOM_HID_DataOut  usbd_customhid.o
    0x08004d58   0x08004d58   0x00000038   Code   RO         3497    i.USBD_CUSTOM_HID_DeInit  usbd_customhid.o
    0x08004d90   0x08004d90   0x00000026   Code   RO         3498    i.USBD_CUSTOM_HID_EP0_RxReady  usbd_customhid.o
    0x08004db6   0x08004db6   0x00000002   PAD
    0x08004db8   0x08004db8   0x0000000c   Code   RO         3499    i.USBD_CUSTOM_HID_GetDeviceQualifierDesc  usbd_customhid.o
    0x08004dc4   0x08004dc4   0x0000000c   Code   RO         3500    i.USBD_CUSTOM_HID_GetFSCfgDesc  usbd_customhid.o
    0x08004dd0   0x08004dd0   0x0000000c   Code   RO         3501    i.USBD_CUSTOM_HID_GetHSCfgDesc  usbd_customhid.o
    0x08004ddc   0x08004ddc   0x0000000c   Code   RO         3502    i.USBD_CUSTOM_HID_GetOtherSpeedCfgDesc  usbd_customhid.o
    0x08004de8   0x08004de8   0x00000054   Code   RO         3503    i.USBD_CUSTOM_HID_Init  usbd_customhid.o
    0x08004e3c   0x08004e3c   0x00000010   Code   RO         3504    i.USBD_CUSTOM_HID_RegisterInterface  usbd_customhid.o
    0x08004e4c   0x08004e4c   0x0000002c   Code   RO         3505    i.USBD_CUSTOM_HID_SendReport  usbd_customhid.o
    0x08004e78   0x08004e78   0x000000e8   Code   RO         3506    i.USBD_CUSTOM_HID_Setup  usbd_customhid.o
    0x08004f60   0x08004f60   0x0000000e   Code   RO         3232    i.USBD_ClrClassConfig  usbd_core.o
    0x08004f6e   0x08004f6e   0x00000010   Code   RO         3435    i.USBD_CtlContinueRx  usbd_ioreq.o
    0x08004f7e   0x08004f7e   0x00000010   Code   RO         3436    i.USBD_CtlContinueSendData  usbd_ioreq.o
    0x08004f8e   0x08004f8e   0x00000016   Code   RO         3370    i.USBD_CtlError     usbd_ctlreq.o
    0x08004fa4   0x08004fa4   0x0000001e   Code   RO         3437    i.USBD_CtlPrepareRx  usbd_ioreq.o
    0x08004fc2   0x08004fc2   0x00000016   Code   RO         3438    i.USBD_CtlReceiveStatus  usbd_ioreq.o
    0x08004fd8   0x08004fd8   0x0000001a   Code   RO         3439    i.USBD_CtlSendData  usbd_ioreq.o
    0x08004ff2   0x08004ff2   0x00000016   Code   RO         3440    i.USBD_CtlSendStatus  usbd_ioreq.o
    0x08005008   0x08005008   0x00000028   Code   RO          417    i.USBD_FS_ConfigStrDescriptor  usbd_desc.o
    0x08005030   0x08005030   0x0000000c   Code   RO          418    i.USBD_FS_DeviceDescriptor  usbd_desc.o
    0x0800503c   0x0800503c   0x0000002c   Code   RO          419    i.USBD_FS_InterfaceStrDescriptor  usbd_desc.o
    0x08005068   0x08005068   0x0000000c   Code   RO          420    i.USBD_FS_LangIDStrDescriptor  usbd_desc.o
    0x08005074   0x08005074   0x00000028   Code   RO          421    i.USBD_FS_ManufacturerStrDescriptor  usbd_desc.o
    0x0800509c   0x0800509c   0x0000001c   Code   RO          422    i.USBD_FS_ProductStrDescriptor  usbd_desc.o
    0x080050b8   0x080050b8   0x00000038   Code   RO          423    i.USBD_FS_SerialStrDescriptor  usbd_desc.o
    0x080050f0   0x080050f0   0x000000e8   Code   RO         3371    i.USBD_GetDescriptor  usbd_ctlreq.o
    0x080051d8   0x080051d8   0x00000048   Code   RO         3372    i.USBD_GetString    usbd_ctlreq.o
    0x08005220   0x08005220   0x00000018   Code   RO          559    i.USBD_Get_USB_Status  usbd_conf.o
    0x08005238   0x08005238   0x0000002a   Code   RO         3234    i.USBD_Init         usbd_core.o
    0x08005262   0x08005262   0x00000012   Code   RO          560    i.USBD_LL_ClearStallEP  usbd_conf.o
    0x08005274   0x08005274   0x00000012   Code   RO          561    i.USBD_LL_CloseEP   usbd_conf.o
    0x08005286   0x08005286   0x000000c6   Code   RO         3235    i.USBD_LL_DataInStage  usbd_core.o
    0x0800534c   0x0800534c   0x00000082   Code   RO         3236    i.USBD_LL_DataOutStage  usbd_core.o
    0x080053ce   0x080053ce   0x00000002   PAD
    0x080053d0   0x080053d0   0x00000070   Code   RO          566    i.USBD_LL_Init      usbd_conf.o
    0x08005440   0x08005440   0x00000020   Code   RO          567    i.USBD_LL_IsStallEP  usbd_conf.o
    0x08005460   0x08005460   0x00000018   Code   RO          568    i.USBD_LL_OpenEP    usbd_conf.o
    0x08005478   0x08005478   0x00000012   Code   RO          569    i.USBD_LL_PrepareReceive  usbd_conf.o
    0x0800548a   0x0800548a   0x00000050   Code   RO         3241    i.USBD_LL_Reset     usbd_core.o
    0x080054da   0x080054da   0x00000014   Code   RO         3242    i.USBD_LL_Resume    usbd_core.o
    0x080054ee   0x080054ee   0x00000018   Code   RO         3243    i.USBD_LL_SOF       usbd_core.o
    0x08005506   0x08005506   0x00000006   Code   RO         3244    i.USBD_LL_SetSpeed  usbd_core.o
    0x0800550c   0x0800550c   0x00000012   Code   RO          570    i.USBD_LL_SetUSBAddress  usbd_conf.o
    0x0800551e   0x0800551e   0x0000005a   Code   RO         3245    i.USBD_LL_SetupStage  usbd_core.o
    0x08005578   0x08005578   0x00000012   Code   RO          571    i.USBD_LL_StallEP   usbd_conf.o
    0x0800558a   0x0800558a   0x00000012   Code   RO          572    i.USBD_LL_Start     usbd_conf.o
    0x0800559c   0x0800559c   0x00000012   Code   RO         3246    i.USBD_LL_Suspend   usbd_core.o
    0x080055ae   0x080055ae   0x00000012   Code   RO          574    i.USBD_LL_Transmit  usbd_conf.o
    0x080055c0   0x080055c0   0x00000028   Code   RO         3373    i.USBD_ParseSetupRequest  usbd_ctlreq.o
    0x080055e8   0x080055e8   0x00000010   Code   RO         3247    i.USBD_RegisterClass  usbd_core.o
    0x080055f8   0x080055f8   0x00000016   Code   RO         3249    i.USBD_SetClassConfig  usbd_core.o
    0x0800560e   0x0800560e   0x00000002   PAD
    0x08005610   0x08005610   0x00000084   Code   RO         3374    i.USBD_SetConfig    usbd_ctlreq.o
    0x08005694   0x08005694   0x0000000a   Code   RO         3250    i.USBD_Start        usbd_core.o
    0x0800569e   0x0800569e   0x00000112   Code   RO         3375    i.USBD_StdDevReq    usbd_ctlreq.o
    0x080057b0   0x080057b0   0x00000150   Code   RO         3376    i.USBD_StdEPReq     usbd_ctlreq.o
    0x08005900   0x08005900   0x0000004e   Code   RO         3377    i.USBD_StdItfReq    usbd_ctlreq.o
    0x0800594e   0x0800594e   0x00000002   Code   RO          575    i.USBD_static_free  usbd_conf.o
    0x08005950   0x08005950   0x00000008   Code   RO          576    i.USBD_static_malloc  usbd_conf.o
    0x08005958   0x08005958   0x00000258   Code   RO         1066    i.USB_ActivateEndpoint  stm32f1xx_ll_usb.o
    0x08005bb0   0x08005bb0   0x00000004   Code   RO         1069    i.USB_CoreInit      stm32f1xx_ll_usb.o
    0x08005bb4   0x08005bb4   0x0000010e   Code   RO         1071    i.USB_DeactivateEndpoint  stm32f1xx_ll_usb.o
    0x08005cc2   0x08005cc2   0x00000004   Code   RO         1072    i.USB_DevConnect    stm32f1xx_ll_usb.o
    0x08005cc6   0x08005cc6   0x00000004   Code   RO         1073    i.USB_DevDisconnect  stm32f1xx_ll_usb.o
    0x08005cca   0x08005cca   0x00000012   Code   RO         1074    i.USB_DevInit       stm32f1xx_ll_usb.o
    0x08005cdc   0x08005cdc   0x0000000e   Code   RO         1075    i.USB_DisableGlobalInt  stm32f1xx_ll_usb.o
    0x08005cea   0x08005cea   0x00000004   Code   RO         1076    i.USB_EP0_OutStart  stm32f1xx_ll_usb.o
    0x08005cee   0x08005cee   0x00000078   Code   RO         1077    i.USB_EPClearStall  stm32f1xx_ll_usb.o
    0x08005d66   0x08005d66   0x00000032   Code   RO         1078    i.USB_EPSetStall    stm32f1xx_ll_usb.o
    0x08005d98   0x08005d98   0x0000060c   Code   RO         1079    i.USB_EPStartXfer   stm32f1xx_ll_usb.o
    0x080063a4   0x080063a4   0x00000012   Code   RO         1080    i.USB_EnableGlobalInt  stm32f1xx_ll_usb.o
    0x080063b6   0x080063b6   0x00000002   PAD
    0x080063b8   0x080063b8   0x0000000c   Code   RO          252    i.USB_LP_CAN1_RX0_IRQHandler  stm32f1xx_it.o
    0x080063c4   0x080063c4   0x00000006   Code   RO         1087    i.USB_ReadInterrupts  stm32f1xx_ll_usb.o
    0x080063ca   0x080063ca   0x00000002   PAD
    0x080063cc   0x080063cc   0x0000002c   Code   RO         1088    i.USB_ReadPMA       stm32f1xx_ll_usb.o
    0x080063f8   0x080063f8   0x00000004   Code   RO         1089    i.USB_SetCurrentMode  stm32f1xx_ll_usb.o
    0x080063fc   0x080063fc   0x0000000c   Code   RO         1090    i.USB_SetDevAddress  stm32f1xx_ll_usb.o
    0x08006408   0x08006408   0x00000026   Code   RO         1092    i.USB_WritePMA      stm32f1xx_ll_usb.o
    0x0800642e   0x0800642e   0x00000002   Code   RO          253    i.UsageFault_Handler  stm32f1xx_it.o
    0x08006430   0x08006430   0x00000028   Code   RO         3906    i.__ARM_fpclassify  m_ws.l(fpclassify.o)
    0x08006458   0x08006458   0x00000020   Code   RO         1734    i.__NVIC_SetPriority  stm32f1xx_hal_cortex.o
    0x08006478   0x08006478   0x0000000e   Code   RO         3896    i.__mathlib_dbl_overflow  m_ws.l(dunder.o)
    0x08006486   0x08006486   0x00000002   PAD
    0x08006488   0x08006488   0x00000010   Code   RO         3898    i.__mathlib_dbl_underflow  m_ws.l(dunder.o)
    0x08006498   0x08006498   0x00000010   Code   RO         4001    i.__mathlib_narrow  m_ws.l(narrow.o)
    0x080064a8   0x080064a8   0x000000bc   Code   RO         4002    i.__mathlib_tofloat  m_ws.l(narrow.o)
    0x08006564   0x08006564   0x00000016   Code   RO         4093    i.__support_ldexp   m_ws.l(ldexp.o)
    0x0800657a   0x0800657a   0x0000000e   Code   RO         3706    i._is_digit         c_w.l(__printf_wp.o)
    0x08006588   0x08006588   0x0000009c   Code   RO           21    i.axisInit          main.o
    0x08006624   0x08006624   0x00000058   Code   RO         4078    i.frexp             m_ws.l(frexp.o)
    0x0800667c   0x0800667c   0x00000008   Code   RO         3655    i.int_abs           mymath.o
    0x08006684   0x08006684   0x00000074   Code   RO         4094    i.ldexp             m_ws.l(ldexp.o)
    0x080066f8   0x080066f8   0x000001b8   Code   RO           22    i.main              main.o
    0x080068b0   0x080068b0   0x0000003a   Code   RO           23    i.move              main.o
    0x080068ea   0x080068ea   0x00000030   Code   RO         3591    i.sample            motorcontrol.o
    0x0800691a   0x0800691a   0x00000002   PAD
    0x0800691c   0x0800691c   0x0000002c   Code   RO         3983    locale$$code        c_w.l(lc_numeric_c.o)
    0x08006948   0x08006948   0x0000002c   Code   RO         4086    locale$$code        c_w.l(lc_ctype_c.o)
    0x08006974   0x08006974   0x00000062   Code   RO         3736    x$fpl$d2f           fz_ws.l(d2f.o)
    0x080069d6   0x080069d6   0x00000002   PAD
    0x080069d8   0x080069d8   0x00000150   Code   RO         3738    x$fpl$dadd          fz_ws.l(daddsub_clz.o)
    0x08006b28   0x08006b28   0x00000010   Code   RO         3858    x$fpl$dcheck1       fz_ws.l(dcheck1.o)
    0x08006b38   0x08006b38   0x00000018   Code   RO         3985    x$fpl$dcmpinf       fz_ws.l(dcmpi.o)
    0x08006b50   0x08006b50   0x000002b0   Code   RO         3745    x$fpl$ddiv          fz_ws.l(ddiv.o)
    0x08006e00   0x08006e00   0x00000078   Code   RO         4073    x$fpl$deqf          fz_ws.l(deqf.o)
    0x08006e78   0x08006e78   0x0000002e   Code   RO         3753    x$fpl$dflt          fz_ws.l(dflt_clz.o)
    0x08006ea6   0x08006ea6   0x00000002   PAD
    0x08006ea8   0x08006ea8   0x00000078   Code   RO         3860    x$fpl$dleqf         fz_ws.l(dleqf.o)
    0x08006f20   0x08006f20   0x00000154   Code   RO         3758    x$fpl$dmul          fz_ws.l(dmul.o)
    0x08007074   0x08007074   0x0000009c   Code   RO         3862    x$fpl$dnaninf       fz_ws.l(dnaninf.o)
    0x08007110   0x08007110   0x0000000c   Code   RO         3864    x$fpl$dretinf       fz_ws.l(dretinf.o)
    0x0800711c   0x0800711c   0x0000006c   Code   RO         3866    x$fpl$drleqf        fz_ws.l(drleqf.o)
    0x08007188   0x08007188   0x000001d4   Code   RO         3740    x$fpl$dsub          fz_ws.l(daddsub_clz.o)
    0x0800735c   0x0800735c   0x00000056   Code   RO         3760    x$fpl$f2d           fz_ws.l(f2d.o)
    0x080073b2   0x080073b2   0x00000002   PAD
    0x080073b4   0x080073b4   0x000000c4   Code   RO         3762    x$fpl$fadd          fz_ws.l(faddsub_clz.o)
    0x08007478   0x08007478   0x00000036   Code   RO         3772    x$fpl$ffix          fz_ws.l(ffix.o)
    0x080074ae   0x080074ae   0x00000002   PAD
    0x080074b0   0x080074b0   0x00000030   Code   RO         3777    x$fpl$fflt          fz_ws.l(fflt_clz.o)
    0x080074e0   0x080074e0   0x00000102   Code   RO         3782    x$fpl$fmul          fz_ws.l(fmul.o)
    0x080075e2   0x080075e2   0x0000008c   Code   RO         3874    x$fpl$fnaninf       fz_ws.l(fnaninf.o)
    0x0800766e   0x0800766e   0x0000000a   Code   RO         3876    x$fpl$fretinf       fz_ws.l(fretinf.o)
    0x08007678   0x08007678   0x000000ea   Code   RO         3764    x$fpl$fsub          fz_ws.l(faddsub_clz.o)
    0x08007762   0x08007762   0x00000006   Code   RO         3991    x$fpl$ieeestatus    fz_ws.l(istatus.o)
    0x08007768   0x08007768   0x00000004   Code   RO         3784    x$fpl$printf1       fz_ws.l(printf1.o)
    0x0800776c   0x0800776c   0x00000064   Code   RO         3993    x$fpl$retnan        fz_ws.l(retnan.o)
    0x080077d0   0x080077d0   0x0000005c   Code   RO         3786    x$fpl$scalbn        fz_ws.l(scalbn.o)
    0x0800782c   0x0800782c   0x00000004   Code   RO         3790    x$fpl$scanf1        fz_ws.l(scanf1.o)
    0x08007830   0x08007830   0x00000008   Code   RO         3995    x$fpl$scanf2        fz_ws.l(scanf2.o)
    0x08007838   0x08007838   0x00000030   Code   RO         4075    x$fpl$trapveneer    fz_ws.l(trapv.o)
    0x08007868   0x08007868   0x00000000   Code   RO         3878    x$fpl$usenofp       fz_ws.l(usenofp.o)
    0x08007868   0x08007868   0x00000010   Data   RO         3196    .constdata          system_stm32f1xx.o
    0x08007878   0x08007878   0x00000094   Data   RO         3958    .constdata          c_w.l(bigflt0.o)
    0x0800790c   0x0800790c   0x00000020   Data   RO         4177    Region$$Table       anon$$obj.o
    0x0800792c   0x0800792c   0x00000008   Data   RO         3987    c$$dinf             fz_ws.l(fpconst.o)
    0x08007934   0x08007934   0x00000008   Data   RO         3990    c$$dmax             fz_ws.l(fpconst.o)
    0x0800793c   0x0800793c   0x0000001c   Data   RO         3982    locale$$data        c_w.l(lc_numeric_c.o)
    0x08007958   0x08007958   0x00000110   Data   RO         4085    locale$$data        c_w.l(lc_ctype_c.o)


    Execution Region RW_IRAM1 (Exec base: 0x20000000, Load base: 0x08007a68, Size: 0x00001310, Max: 0x00005000, ABSOLUTE, COMPRESSED[0x000000b8])

    Exec Addr    Load Addr    Size         Type   Attr      Idx    E Section Name        Object

    0x20000000   COMPRESSED   0x00000008   Data   RW           25    .data               main.o
    0x20000008   COMPRESSED   0x0000001c   Data   RW          425    .data               usbd_desc.o
    0x20000024   COMPRESSED   0x00000032   Data   RW          426    .data               usbd_desc.o
    0x20000056   COMPRESSED   0x00000002   PAD
    0x20000058   COMPRESSED   0x00000008   Data   RW          505    .data               usbd_custom_hid_if.o
    0x20000060   COMPRESSED   0x0000001c   Data   RW          506    .data               usbd_custom_hid_if.o
    0x2000007c   COMPRESSED   0x00000010   Data   RW          507    .data               usbd_custom_hid_if.o
    0x2000008c   COMPRESSED   0x0000000c   Data   RW         1271    .data               stm32f1xx_hal.o
    0x20000098   COMPRESSED   0x00000004   Data   RW         3198    .data               system_stm32f1xx.o
    0x2000009c   COMPRESSED   0x00000001   Data   RW         3378    .data               usbd_ctlreq.o
    0x2000009d   COMPRESSED   0x00000003   PAD
    0x200000a0   COMPRESSED   0x00000038   Data   RW         3507    .data               usbd_customhid.o
    0x200000d8   COMPRESSED   0x0000009a   Data   RW         3508    .data               usbd_customhid.o
    0x20000172   COMPRESSED   0x00000002   PAD
    0x20000174        -       0x000002f0   Zero   RW           24    .bss                main.o
    0x20000464        -       0x000002c4   Zero   RW          386    .bss                usb_device.o
    0x20000728        -       0x00000200   Zero   RW          424    .bss                usbd_desc.o
    0x20000928        -       0x00000384   Zero   RW          577    .bss                usbd_conf.o
    0x20000cac        -       0x00000060   Zero   RW         4008    .bss                c_w.l(libspace.o)
    0x20000d0c   COMPRESSED   0x00000004   PAD
    0x20000d10        -       0x00000200   Zero   RW            2    HEAP                startup_stm32f103xb.o
    0x20000f10        -       0x00000400   Zero   RW            1    STACK               startup_stm32f103xb.o


==============================================================================

Image component sizes


      Code (inc. data)   RO Data    RW Data    ZI Data      Debug   Object Name

      1536        146          0          8        752     444661   main.o
       424         18          0          0          0       2932   motorcontrol.o
         8          0          0          0          0        486   mymath.o
        64         26        236          0       1536        816   startup_stm32f103xb.o
       128         24          0         12          0       5341   stm32f1xx_hal.o
       198         14          0          0          0      28971   stm32f1xx_hal_cortex.o
       524         40          0          0          0       4134   stm32f1xx_hal_gpio.o
       396         56          0          0          0       3045   stm32f1xx_hal_msp.o
      2962          0          0          0          0      13361   stm32f1xx_hal_pcd.o
        60          0          0          0          0       1186   stm32f1xx_hal_pcd_ex.o
      1208         76          0          0          0       4094   stm32f1xx_hal_rcc.o
       236         12          0          0          0       1396   stm32f1xx_hal_rcc_ex.o
      1620         46          0          0          0      14191   stm32f1xx_hal_tim.o
       104         12          0          0          0       1336   stm32f1xx_hal_tim_ex.o
        98         18          0          0          0       4934   stm32f1xx_it.o
      2758          0          0          0          0      16679   stm32f1xx_ll_usb.o
         2          0         16          4          0       1131   system_stm32f1xx.o
        84         18          0          0        708        804   usb_device.o
       532         28          0          0        900      13797   usbd_conf.o
       670          0          0          0          0       9543   usbd_core.o
      1186         28          0          1          0       7976   usbd_ctlreq.o
       940        314          0         52          0       3081   usbd_custom_hid_if.o
       568         32          0        210          0      10883   usbd_customhid.o
       288        104          0         78        512       5981   usbd_desc.o
       132          0          0          0          0       4364   usbd_ioreq.o

    ----------------------------------------------------------------------
     16760       1012        284        372       4408     605123   Object Totals
         0          0         32          0          0          0   (incl. Generated)
        34          0          0          7          0          0   (incl. Padding)

    ----------------------------------------------------------------------

      Code (inc. data)   RO Data    RW Data    ZI Data      Debug   Library Member Name

        60          8          0          0          0         84   __0sscanf.o
        90          0          0          0          0          0   __dczerorl2.o
         8          0          0          0          0         68   __main.o
       284          0          0          0          0        156   __printf_wp.o
         0          0          0          0          0          0   __rtentry.o
        12          0          0          0          0          0   __rtentry2.o
         6          0          0          0          0          0   __rtentry4.o
        52          8          0          0          0          0   __scatter.o
        28          0          0          0          0          0   __scatter_zi.o
        28          0          0          0          0         68   _chval.o
        44          0          0          0          0        108   _printf_char.o
        48          6          0          0          0         96   _printf_char_common.o
         6          0          0          0          0          0   _printf_d.o
       120         16          0          0          0         92   _printf_dec.o
         6          0          0          0          0          0   _printf_f.o
      1054          0          0          0          0        216   _printf_fp_dec.o
       128         16          0          0          0         84   _printf_fp_infnan.o
       178          0          0          0          0         88   _printf_intcommon.o
         0          0          0          0          0          0   _printf_percent.o
         4          0          0          0          0          0   _printf_percent_end.o
         6          0          0          0          0          0   _printf_s.o
        82          0          0          0          0         80   _printf_str.o
        22          0          0          0          0        100   _rserrno.o
       884          6          0          0          0        100   _scanf.o
       332          0          0          0          0         96   _scanf_int.o
       224          0          0          0          0         96   _scanf_str.o
        64          0          0          0          0         84   _sgetc.o
        10          0          0          0          0         68   _sputc.o
       228          4        148          0          0         96   bigflt0.o
      2152        136          0          0          0        960   btod.o
        18          0          0          0          0         80   exit.o
         6          0          0          0          0        152   heapauxi.o
         0          0          0          0          0          0   indicate_semi.o
        18          0          0          0          0         76   isspace.o
        44         10        272          0          0         76   lc_ctype_c.o
        44         10         28          0          0         76   lc_numeric_c.o
         2          0          0          0          0          0   libinit.o
        30          0          0          0          0          0   libinit2.o
         2          0          0          0          0          0   libshutdown.o
         2          0          0          0          0          0   libshutdown2.o
         8          4          0          0         96         68   libspace.o
        38          0          0          0          0         68   llshl.o
       138          0          0          0          0         80   lludiv10.o
        40          6          0          0          0         84   noretval__2sprintf.o
        16          4          0          0          0         76   rt_ctype_table.o
         8          4          0          0          0         68   rt_errno_addr_intlibspace.o
         8          4          0          0          0         68   rt_locale_intlibspace.o
        68          0          0          0          0         68   rt_memclr.o
        78          0          0          0          0         80   rt_memclr_w.o
       100          0          0          0          0         80   rt_memcpy_w.o
         2          0          0          0          0          0   rtexit.o
        10          0          0          0          0          0   rtexit2.o
        44          8          0          0          0         84   scanf_char.o
      1272         16          0          0          0        168   scanf_fp.o
       800         14          0          0          0        100   scanf_hexfp.o
       308         16          0          0          0        100   scanf_infnan.o
       128          0          0          0          0         68   strcmpv7m.o
        12          4          0          0          0         68   sys_exit.o
        74          0          0          0          0         80   sys_stackheap_outer.o
         2          0          0          0          0         68   use_no_semi.o
        98          4          0          0          0         92   d2f.o
       804         16          0          0          0        272   daddsub_clz.o
        16          4          0          0          0         68   dcheck1.o
        24          0          0          0          0         68   dcmpi.o
       688        140          0          0          0        208   ddiv.o
       120          4          0          0          0         92   deqf.o
        46          0          0          0          0         68   dflt_clz.o
       120          4          0          0          0         92   dleqf.o
       340         12          0          0          0        104   dmul.o
       156          4          0          0          0         92   dnaninf.o
        12          0          0          0          0         68   dretinf.o
       108          0          0          0          0         80   drleqf.o
        86          4          0          0          0         84   f2d.o
       430          8          0          0          0        168   faddsub_clz.o
        54          4          0          0          0         84   ffix.o
        48          0          0          0          0         68   fflt_clz.o
       258          4          0          0          0         84   fmul.o
       140          4          0          0          0         84   fnaninf.o
         0          0         16          0          0          0   fpconst.o
        10          0          0          0          0         68   fretinf.o
         6          0          0          0          0         68   istatus.o
         4          0          0          0          0         68   printf1.o
       100          0          0          0          0         68   retnan.o
        92          0          0          0          0         68   scalbn.o
         4          0          0          0          0         68   scanf1.o
         8          0          0          0          0         84   scanf2.o
        48          0          0          0          0         68   trapv.o
         0          0          0          0          0          0   usenofp.o
        30          6          0          0          0        136   dunder.o
        40          0          0          0          0         68   fpclassify.o
        88          8          0          0          0         76   frexp.o
       138          0          0          0          0        160   ldexp.o
       204          4          0          0          0        168   narrow.o

    ----------------------------------------------------------------------
     13828        532        464          0        100       7720   Library Totals
        28          2          0          0          4          0   (incl. Padding)

    ----------------------------------------------------------------------

      Code (inc. data)   RO Data    RW Data    ZI Data      Debug   Library Name

      9480        300        448          0         96       4676   c_w.l
      3820        212         16          0          0       2436   fz_ws.l
       500         18          0          0          0        608   m_ws.l

    ----------------------------------------------------------------------
     13828        532        464          0        100       7720   Library Totals

    ----------------------------------------------------------------------

==============================================================================


      Code (inc. data)   RO Data    RW Data    ZI Data      Debug   

     30588       1544        748        372       4508     599735   Grand Totals
     30588       1544        748        184       4508     599735   ELF Image Totals (compressed)
     30588       1544        748        184          0          0   ROM Totals

==============================================================================

    Total RO  Size (Code + RO Data)                31336 (  30.60kB)
    Total RW  Size (RW Data + ZI Data)              4880 (   4.77kB)
    Total ROM Size (Code + RO Data + RW Data)      31520 (  30.78kB)

==============================================================================

